\BOOKMARK [0][-]{chapter*.1}{\376\377\000P\000E\000R\000S\000E\000M\000B\000A\000H\000A\000N}{}% 1
\BOOKMARK [0][-]{chapter*.2}{\376\377\000M\000O\000T\000T\000O}{}% 2
\BOOKMARK [0][-]{chapter*.3}{\376\377\000P\000E\000R\000N\000Y\000A\000T\000A\000A\000N\000\040\000O\000R\000I\000S\000I\000N\000A\000L\000I\000T\000A\000S}{}% 3
\BOOKMARK [0][-]{chapter*.4}{\376\377\000H\000A\000L\000A\000M\000A\000N\000\040\000P\000E\000R\000S\000E\000T\000U\000J\000U\000A\000N}{}% 4
\BOOKMARK [0][-]{chapter*.5}{\376\377\000L\000E\000M\000B\000A\000R\000\040\000P\000E\000N\000G\000E\000S\000A\000H\000A\000N}{}% 5
\BOOKMARK [0][-]{chapter*.6}{\376\377\000A\000B\000S\000T\000R\000A\000K}{}% 6
\BOOKMARK [0][-]{chapter*.7}{\376\377\000A\000B\000S\000T\000R\000A\000C\000T}{}% 7
\BOOKMARK [0][-]{chapter*.8}{\376\377\000R\000I\000N\000G\000K\000A\000S\000A\000N}{}% 8
\BOOKMARK [0][-]{chapter*.9}{\376\377\000P\000R\000A\000K\000A\000T\000A}{}% 9
\BOOKMARK [0][-]{Item.8}{\376\377\000D\000A\000F\000T\000A\000R\000\040\000T\000A\000B\000E\000L}{}% 10
\BOOKMARK [0][-]{Item.8}{\376\377\000D\000A\000F\000T\000A\000R\000\040\000G\000A\000M\000B\000A\000R}{}% 11
\BOOKMARK [0][-]{chapter.1}{\376\377\000P\000E\000N\000D\000A\000H\000U\000L\000U\000A\000N}{}% 12
\BOOKMARK [1][-]{section.1.1}{\376\377\000L\000a\000t\000a\000r\000\040\000B\000e\000l\000a\000k\000a\000n\000g}{chapter.1}% 13
\BOOKMARK [1][-]{section.1.2}{\376\377\000R\000u\000m\000u\000s\000a\000n\000\040\000M\000a\000s\000a\000l\000a\000h}{chapter.1}% 14
\BOOKMARK [1][-]{section.1.3}{\376\377\000B\000a\000t\000a\000s\000a\000n\000\040\000P\000e\000n\000e\000l\000i\000t\000i\000a\000n}{chapter.1}% 15
\BOOKMARK [1][-]{section.1.4}{\376\377\000T\000u\000j\000u\000a\000n\000\040\000P\000e\000n\000e\000l\000i\000t\000i\000a\000n}{chapter.1}% 16
\BOOKMARK [1][-]{section.1.5}{\376\377\000M\000a\000n\000f\000a\000a\000t\000\040\000P\000e\000n\000e\000l\000i\000t\000i\000a\000n}{chapter.1}% 17
\BOOKMARK [0][-]{chapter.2}{\376\377\000T\000I\000N\000J\000A\000U\000A\000N\000\040\000P\000U\000S\000T\000A\000K\000A}{}% 18
\BOOKMARK [1][-]{section.2.1}{\376\377\000P\000e\000n\000e\000l\000i\000t\000i\000a\000n\000\040\000T\000e\000r\000d\000a\000h\000u\000l\000u}{chapter.2}% 19
\BOOKMARK [1][-]{section.2.2}{\376\377\000L\000a\000n\000d\000a\000s\000a\000n\000\040\000T\000e\000o\000r\000i}{chapter.2}% 20
\BOOKMARK [2][-]{subsection.2.2.1}{\376\377\000T\000e\000o\000r\000i\000\040\000P\000e\000r\000t\000a\000m\000a}{section.2.2}% 21
\BOOKMARK [2][-]{subsection.2.2.2}{\376\377\000T\000e\000o\000r\000i\000\040\000K\000e\000d\000u\000a}{section.2.2}% 22
\BOOKMARK [1][-]{section.2.3}{\376\377\000K\000e\000r\000a\000n\000g\000k\000a\000\040\000K\000o\000n\000s\000e\000p\000t\000u\000a\000l}{chapter.2}% 23
\BOOKMARK [0][-]{chapter.3}{\376\377\000M\000E\000T\000O\000D\000O\000L\000O\000G\000I\000\040\000P\000E\000N\000E\000L\000I\000T\000I\000A\000N}{}% 24
\BOOKMARK [1][-]{section.3.1}{\376\377\000L\000o\000k\000a\000s\000i\000\040\000d\000a\000n\000\040\000W\000a\000k\000t\000u\000\040\000P\000e\000n\000e\000l\000i\000t\000i\000a\000n}{chapter.3}% 25
\BOOKMARK [1][-]{section.3.2}{\376\377\000P\000o\000p\000u\000l\000a\000s\000i\000\040\000d\000a\000n\000\040\000S\000a\000m\000p\000e\000l}{chapter.3}% 26
\BOOKMARK [2][-]{subsection.3.2.1}{\376\377\000P\000o\000p\000u\000l\000a\000s\000i}{section.3.2}% 27
\BOOKMARK [2][-]{subsection.3.2.2}{\376\377\000S\000a\000m\000p\000e\000l}{section.3.2}% 28
\BOOKMARK [1][-]{section.3.3}{\376\377\000D\000a\000t\000a\000\040\000P\000e\000n\000e\000l\000i\000t\000i\000a\000n}{chapter.3}% 29
\BOOKMARK [2][-]{subsection.3.3.1}{\376\377\000J\000e\000n\000i\000s\000\040\000d\000a\000n\000\040\000S\000u\000m\000b\000e\000r\000\040\000D\000a\000t\000a}{section.3.3}% 30
\BOOKMARK [2][-]{subsection.3.3.2}{\376\377\000T\000e\000k\000n\000i\000k\000\040\000P\000e\000n\000g\000u\000m\000p\000u\000l\000a\000n\000\040\000D\000a\000t\000a}{section.3.3}% 31
\BOOKMARK [1][-]{section.3.4}{\376\377\000P\000r\000o\000s\000e\000d\000u\000r\000\040\000P\000e\000n\000e\000l\000i\000t\000i\000a\000n}{chapter.3}% 32
\BOOKMARK [1][-]{section.3.5}{\376\377\000M\000e\000t\000o\000d\000e\000\040\000A\000n\000a\000l\000i\000s\000i\000s}{chapter.3}% 33
\BOOKMARK [2][-]{subsection.3.5.1}{\376\377\000A\000n\000a\000l\000i\000s\000i\000s\000\040\000D\000e\000s\000k\000r\000i\000p\000t\000i\000f}{section.3.5}% 34
\BOOKMARK [2][-]{subsection.3.5.2}{\376\377\000A\000n\000a\000l\000i\000s\000i\000s\000\040\000I\000n\000f\000e\000r\000e\000n\000s\000i\000a\000l}{section.3.5}% 35
\BOOKMARK [2][-]{subsection.3.5.3}{\376\377\000S\000o\000f\000t\000w\000a\000r\000e\000\040\000A\000n\000a\000l\000i\000s\000i\000s}{section.3.5}% 36
\BOOKMARK [0][-]{chapter.4}{\376\377\000H\000A\000S\000I\000L\000\040\000D\000A\000N\000\040\000P\000E\000M\000B\000A\000H\000A\000S\000A\000N}{}% 37
\BOOKMARK [1][-]{section.4.1}{\376\377\000H\000a\000s\000i\000l\000\040\000P\000e\000n\000e\000l\000i\000t\000i\000a\000n}{chapter.4}% 38
\BOOKMARK [2][-]{subsection.4.1.1}{\376\377\000K\000a\000r\000a\000k\000t\000e\000r\000i\000s\000t\000i\000k\000\040\000R\000e\000s\000p\000o\000n\000d\000e\000n}{section.4.1}% 39
\BOOKMARK [2][-]{subsection.4.1.2}{\376\377\000H\000a\000s\000i\000l\000\040\000A\000n\000a\000l\000i\000s\000i\000s\000\040\000D\000e\000s\000k\000r\000i\000p\000t\000i\000f}{section.4.1}% 40
\BOOKMARK [2][-]{subsection.4.1.3}{\376\377\000H\000a\000s\000i\000l\000\040\000A\000n\000a\000l\000i\000s\000i\000s\000\040\000I\000n\000f\000e\000r\000e\000n\000s\000i\000a\000l}{section.4.1}% 41
\BOOKMARK [1][-]{section.4.2}{\376\377\000P\000e\000m\000b\000a\000h\000a\000s\000a\000n}{chapter.4}% 42
\BOOKMARK [2][-]{subsection.4.2.1}{\376\377\000I\000n\000t\000e\000r\000p\000r\000e\000t\000a\000s\000i\000\040\000H\000a\000s\000i\000l\000\040\000U\000t\000a\000m\000a}{section.4.2}% 43
\BOOKMARK [2][-]{subsection.4.2.2}{\376\377\000M\000a\000k\000n\000a\000\040\000P\000r\000a\000k\000t\000i\000s\000\040\000d\000a\000n\000\040\000I\000m\000p\000l\000i\000k\000a\000s\000i}{section.4.2}% 44
\BOOKMARK [2][-]{subsection.4.2.3}{\376\377\000K\000e\000t\000e\000r\000b\000a\000t\000a\000s\000a\000n\000\040\000P\000e\000n\000e\000l\000i\000t\000i\000a\000n}{section.4.2}% 45
\BOOKMARK [0][-]{chapter.5}{\376\377\000K\000E\000S\000I\000M\000P\000U\000L\000A\000N\000\040\000D\000A\000N\000\040\000S\000A\000R\000A\000N}{}% 46
\BOOKMARK [1][-]{section.5.1}{\376\377\000K\000e\000s\000i\000m\000p\000u\000l\000a\000n}{chapter.5}% 47
\BOOKMARK [1][-]{section.5.2}{\376\377\000S\000a\000r\000a\000n}{chapter.5}% 48
\BOOKMARK [2][-]{subsection.5.2.1}{\376\377\000S\000a\000r\000a\000n\000\040\000u\000n\000t\000u\000k\000\040\000P\000e\000n\000e\000l\000i\000t\000i\000a\000n\000\040\000S\000e\000l\000a\000n\000j\000u\000t\000n\000y\000a}{section.5.2}% 49
\BOOKMARK [2][-]{subsection.5.2.2}{\376\377\000S\000a\000r\000a\000n\000\040\000u\000n\000t\000u\000k\000\040\000P\000r\000a\000k\000t\000i\000s\000i\000\040\000d\000a\000n\000\040\000P\000e\000n\000g\000a\000m\000b\000i\000l\000\040\000K\000e\000b\000i\000j\000a\000k\000a\000n}{section.5.2}% 50
\BOOKMARK [0][-]{chapter*.10}{\376\377\000D\000A\000F\000T\000A\000R\000\040\000P\000U\000S\000T\000A\000K\000A}{}% 51
\BOOKMARK [0][-]{appendix.A}{\376\377\000L\000A\000M\000P\000I\000R\000A\000N}{}% 52
\BOOKMARK [1][-]{section.A.1}{\376\377\000L\000a\000m\000p\000i\000r\000a\000n\000\040\000A\000\040\000-\000\040\000D\000a\000t\000a\000\040\000M\000e\000n\000t\000a\000h}{appendix.A}% 53
\BOOKMARK [1][-]{section.A.2}{\376\377\000L\000a\000m\000p\000i\000r\000a\000n\000\040\000B\000\040\000-\000\040\000I\000n\000s\000t\000r\000u\000m\000e\000n\000\040\000P\000e\000n\000e\000l\000i\000t\000i\000a\000n}{appendix.A}% 54
\BOOKMARK [2][-]{subsection.A.2.1}{\376\377\000L\000a\000m\000p\000i\000r\000a\000n\000\040\000B\000.\0001\000\040\000-\000\040\000K\000u\000e\000s\000i\000o\000n\000e\000r}{section.A.2}% 55
\BOOKMARK [1][-]{section.A.3}{\376\377\000L\000a\000m\000p\000i\000r\000a\000n\000\040\000C\000\040\000-\000\040\000O\000u\000t\000p\000u\000t\000\040\000A\000n\000a\000l\000i\000s\000i\000s\000\040\000S\000t\000a\000t\000i\000s\000t\000i\000k}{appendix.A}% 56
\BOOKMARK [1][-]{section.A.4}{\376\377\000L\000a\000m\000p\000i\000r\000a\000n\000\040\000D\000\040\000-\000\040\000K\000o\000d\000e\000\040\000S\000u\000m\000b\000e\000r}{appendix.A}% 57
\BOOKMARK [1][-]{section.A.5}{\376\377\000L\000a\000m\000p\000i\000r\000a\000n\000\040\000E\000\040\000-\000\040\000D\000o\000k\000u\000m\000e\000n\000\040\000P\000e\000n\000d\000u\000k\000u\000n\000g}{appendix.A}% 58
