This is pdfTeX, Version 3.141592653-2.6-1.40.29 (TeX Live 2026/Arch Linux) (preloaded format=pdflatex 2026.6.17)  21 JUN 2026 01:20
entering extended mode
 restricted \write18 enabled.
 file:line:error style messages enabled.
 %&-line parsing enabled.
**/home/usereal/Projects/Skripsi_Moh.-Yusril-Maqoshidana/main.tex
(/home/usereal/Projects/Skripsi_Moh.-Yusril-Maqoshidana/main.tex
LaTeX2e <2025-11-01>
L3 programming layer <2026-01-19>
(/usr/share/texmf-dist/tex/latex/base/report.cls
Document Class: report 2025/01/22 v1.4n Standard LaTeX document class
(/usr/share/texmf-dist/tex/latex/base/size12.clo
File: size12.clo 2025/01/22 v1.4n Standard LaTeX file (size option)
)
\c@part=\count275
\c@chapter=\count276
\c@section=\count277
\c@subsection=\count278
\c@subsubsection=\count279
\c@paragraph=\count280
\c@subparagraph=\count281
\c@figure=\count282
\c@table=\count283
\abovecaptionskip=\skip49
\belowcaptionskip=\skip50
\bibindent=\dimen148
) (./metadata.tex) (./config/packages.tex (/usr/share/texmf-dist/tex/latex/base/inputenc.sty
Package: inputenc 2024/02/08 v1.3d Input encoding file
\inpenc@prehook=\toks17
\inpenc@posthook=\toks18
) (/usr/share/texmf-dist/tex/latex/base/fontenc.sty
Package: fontenc 2025/07/18 v2.1d Standard LaTeX package
) (/usr/share/texmf-dist/tex/generic/babel/babel.sty
Package: babel 2026/02/14 v26.3 The multilingual framework for LuaLaTeX, pdfLaTeX and XeLaTeX
\babel@savecnt=\count284
LaTeX Encoding Info:    Redeclaring text command \ij (encoding OT1) on input line 2078.
LaTeX Encoding Info:    Redeclaring text command \IJ (encoding OT1) on input line 2080.
LaTeX Encoding Info:    Redeclaring text command \ij (encoding T1) on input line 2082.
LaTeX Encoding Info:    Redeclaring text command \IJ (encoding T1) on input line 2083.
LaTeX Encoding Info:    Ignoring declaration for text command \ij (encoding ?) on input line 2084.
LaTeX Encoding Info:    Ignoring declaration for text command \IJ (encoding ?) on input line 2086.
LaTeX Encoding Info:    Ignoring declaration for text command \SS (encoding ?) on input line 2111.
\U@D=\dimen149
\l@unhyphenated=\language3
 (/usr/share/texmf-dist/tex/generic/babel/txtbabel.def)
\bbl@readstream=\read2
\bbl@dirlevel=\count285
 (/usr/share/texmf-dist/tex/generic/babel/locale/id/babel-indonesian.tex)
Package babel Info: Importing font and identification data for indonesian
(babel)             from babel-id.ini. Reported on input line 4330.
 (/usr/share/texmf-dist/tex/generic/babel-indonesian/indonesian.ldf
Language: indonesian 2025/06/01 v1.0n Bahasa Indonesia support from the babel system


Package babel Warning: No hyphenation patterns were preloaded for
(babel)                the language 'Bahasa Indonesia' into the format.
(babel)                Please, configure your TeX system to add them and
(babel)                rebuild the format. Now I will use the patterns
(babel)                preloaded for \language=0 instead on input line 58.

Package babel Info: Hyphen rules for 'bahasa' set to \l@english
(babel)             (\language0). Reported on input line 59.
)) (/usr/share/texmf-dist/tex/latex/psnfss/times.sty
Package: times 2020/03/25 PSNFSS-v9.3 (SPQR) 
) (/usr/share/texmf-dist/tex/latex/geometry/geometry.sty
Package: geometry 2020/01/02 v5.9 Page Geometry
 (/usr/share/texmf-dist/tex/latex/graphics/keyval.sty
Package: keyval 2022/05/29 v1.15 key=value parser (DPC)
\KV@toks@=\toks19
) (/usr/share/texmf-dist/tex/generic/iftex/ifvtex.sty
Package: ifvtex 2019/10/25 v1.7 ifvtex legacy package. Use iftex instead.
 (/usr/share/texmf-dist/tex/generic/iftex/iftex.sty
Package: iftex 2024/12/12 v1.0g TeX engine tests
))
\Gm@cnth=\count286
\Gm@cntv=\count287
\c@Gm@tempcnt=\count288
\Gm@bindingoffset=\dimen150
\Gm@wd@mp=\dimen151
\Gm@odd@mp=\dimen152
\Gm@even@mp=\dimen153
\Gm@layoutwidth=\dimen154
\Gm@layoutheight=\dimen155
\Gm@layouthoffset=\dimen156
\Gm@layoutvoffset=\dimen157
\Gm@dimlist=\toks20
) (/usr/share/texmf-dist/tex/latex/setspace/setspace.sty
Package: setspace 2022/12/04 v6.7b set line spacing
) (/usr/share/texmf-dist/tex/latex/listings/listings.sty
\lst@mode=\count289
\lst@gtempboxa=\box53
\lst@token=\toks21
\lst@length=\count290
\lst@currlwidth=\dimen158
\lst@column=\count291
\lst@pos=\count292
\lst@lostspace=\dimen159
\lst@width=\dimen160
\lst@newlines=\count293
\lst@lineno=\count294
\lst@maxwidth=\dimen161
 (/usr/share/texmf-dist/tex/latex/listings/lstpatch.sty
File: lstpatch.sty 2025/11/14 1.11b (Carsten Heinz)
) (/usr/share/texmf-dist/tex/latex/listings/lstmisc.sty
File: lstmisc.sty 2025/11/14 1.11b (Carsten Heinz)
\c@lstnumber=\count295
\lst@skipnumbers=\count296
\lst@framebox=\box54
) (/usr/share/texmf-dist/tex/latex/listings/listings.cfg
File: listings.cfg 2025/11/14 1.11b listings configuration
))
Package: listings 2025/11/14 1.11b (Carsten Heinz)

==> First Aid for listings.sty no longer applied!
    Expected:
        2024/09/23 1.10c (Carsten Heinz)
    but found:
        2025/11/14 1.11b (Carsten Heinz)
    so I'm assuming it got fixed.
(/usr/share/texmf-dist/tex/latex/titlesec/titlesec.sty
Package: titlesec 2025/01/04 v2.17 Sectioning titles
\ttl@box=\box55
\beforetitleunit=\skip51
\aftertitleunit=\skip52
\ttl@plus=\dimen162
\ttl@minus=\dimen163
\ttl@toksa=\toks22
\titlewidth=\dimen164
\titlewidthlast=\dimen165
\titlewidthfirst=\dimen166
) (/usr/share/texmf-dist/tex/latex/fancyhdr/fancyhdr.sty
Package: fancyhdr 2025/02/07 v5.2 Extensive control of page headers and footers
\f@nch@headwidth=\skip53
\f@nch@offset@elh=\skip54
\f@nch@offset@erh=\skip55
\f@nch@offset@olh=\skip56
\f@nch@offset@orh=\skip57
\f@nch@offset@elf=\skip58
\f@nch@offset@erf=\skip59
\f@nch@offset@olf=\skip60
\f@nch@offset@orf=\skip61
\f@nch@height=\skip62
\f@nch@footalignment=\skip63
\f@nch@widthL=\skip64
\f@nch@widthC=\skip65
\f@nch@widthR=\skip66
\@temptokenb=\toks23
) (/usr/share/texmf-dist/tex/latex/caption/caption.sty
Package: caption 2023/08/05 v3.6o Customizing captions (AR)
 (/usr/share/texmf-dist/tex/latex/caption/caption3.sty
Package: caption3 2023/07/31 v2.4d caption3 kernel (AR)
\caption@tempdima=\dimen167
\captionmargin=\dimen168
\caption@leftmargin=\dimen169
\caption@rightmargin=\dimen170
\caption@width=\dimen171
\caption@indent=\dimen172
\caption@parindent=\dimen173
\caption@hangindent=\dimen174
Package caption Info: Standard document class detected.
)
\c@caption@flags=\count297
\c@continuedfloat=\count298
Package caption Info: listings package is loaded.
) (/usr/share/texmf-dist/tex/latex/graphics/graphicx.sty
Package: graphicx 2024/12/31 v1.2e Enhanced LaTeX Graphics (DPC,SPQR)
 (/usr/share/texmf-dist/tex/latex/graphics/graphics.sty
Package: graphics 2024/08/06 v1.4g Standard LaTeX Graphics (DPC,SPQR)
 (/usr/share/texmf-dist/tex/latex/graphics/trig.sty
Package: trig 2023/12/02 v1.11 sin cos tan (DPC)
) (/usr/share/texmf-dist/tex/latex/graphics-cfg/graphics.cfg
File: graphics.cfg 2016/06/04 v1.11 sample graphics configuration
)
Package graphics Info: Driver file: pdftex.def on input line 106.
 (/usr/share/texmf-dist/tex/latex/graphics-def/pdftex.def
File: pdftex.def 2025/09/29 v1.2d Graphics/color driver for pdftex
))
\Gin@req@height=\dimen175
\Gin@req@width=\dimen176
) (/usr/share/texmf-dist/tex/latex/booktabs/booktabs.sty
Package: booktabs 2020/01/12 v1.61803398 Publication quality tables
\heavyrulewidth=\dimen177
\lightrulewidth=\dimen178
\cmidrulewidth=\dimen179
\belowrulesep=\dimen180
\belowbottomsep=\dimen181
\aboverulesep=\dimen182
\abovetopsep=\dimen183
\cmidrulesep=\dimen184
\cmidrulekern=\dimen185
\defaultaddspace=\dimen186
\@cmidla=\count299
\@cmidlb=\count300
\@aboverulesep=\dimen187
\@belowrulesep=\dimen188
\@thisruleclass=\count301
\@lastruleclass=\count302
\@thisrulewidth=\dimen189
) (/usr/share/texmf-dist/tex/latex/tools/tabularx.sty
Package: tabularx 2023/12/11 v2.12a `tabularx' package (DPC)
 (/usr/share/texmf-dist/tex/latex/tools/array.sty
Package: array 2025/09/25 v2.6n Tabular extension package (FMi)
\col@sep=\dimen190
\ar@mcellbox=\box56
\extrarowheight=\dimen191
\NC@list=\toks24
\extratabsurround=\skip67
\backup@length=\skip68
\ar@cellbox=\box57
)
\TX@col@width=\dimen192
\TX@old@table=\dimen193
\TX@old@col=\dimen194
\TX@target=\dimen195
\TX@delta=\dimen196
\TX@cols=\count303
\TX@ftn=\toks25
) (/usr/share/texmf-dist/tex/latex/tools/longtable.sty
Package: longtable 2025-10-13 v4.24 Multi-page Table package (DPC)
\LTleft=\skip69
\LTright=\skip70
\LTpre=\skip71
\LTpost=\skip72
\LTchunksize=\count304
\LTcapwidth=\dimen197
\LT@head=\box58
\LT@firsthead=\box59
\LT@foot=\box60
\LT@lastfoot=\box61
\LT@gbox=\box62
\LT@cols=\count305
\LT@rows=\count306
\c@LT@tables=\count307
\c@LT@chunks=\count308
\LT@p@ftn=\toks26
) (/usr/share/texmf-dist/tex/latex/float/float.sty
Package: float 2001/11/08 v1.3d Float enhancements (AL)
\c@float@type=\count309
\float@exts=\toks27
\float@box=\box63
\@float@everytoks=\toks28
\@floatcapt=\box64
) (/usr/share/texmf-dist/tex/latex/multirow/multirow.sty
Package: multirow 2024/11/12 v2.9 Span multiple rows of a table
\multirow@colwidth=\skip73
\multirow@cntb=\count310
\multirow@dima=\skip74
\bigstrutjot=\dimen198
) (/usr/share/texmf-dist/tex/latex/enumitem/enumitem.sty
Package: enumitem 2025/02/06 v3.11 Customized lists
\labelindent=\skip75
\enit@outerparindent=\dimen199
\enit@toks=\toks29
\enit@inbox=\box65
\enit@count@id=\count311
\enitdp@description=\count312
) (/usr/share/texmf-dist/tex/latex/amsmath/amsmath.sty
Package: amsmath 2025/07/09 v2.17z AMS math features
\@mathmargin=\skip76

For additional information on amsmath, use the `?' option.
(/usr/share/texmf-dist/tex/latex/amsmath/amstext.sty
Package: amstext 2024/11/17 v2.01 AMS text
 (/usr/share/texmf-dist/tex/latex/amsmath/amsgen.sty
File: amsgen.sty 1999/11/30 v2.0 generic functions
\@emptytoks=\toks30
\ex@=\dimen256
)) (/usr/share/texmf-dist/tex/latex/amsmath/amsbsy.sty
Package: amsbsy 1999/11/29 v1.2d Bold Symbols
\pmbraise@=\dimen257
) (/usr/share/texmf-dist/tex/latex/amsmath/amsopn.sty
Package: amsopn 2022/04/08 v2.04 operator names
)
\inf@bad=\count313
LaTeX Info: Redefining \frac on input line 233.
\uproot@=\count314
\leftroot@=\count315
LaTeX Info: Redefining \overline on input line 398.
LaTeX Info: Redefining \colon on input line 409.
\classnum@=\count316
\DOTSCASE@=\count317
LaTeX Info: Redefining \ldots on input line 495.
LaTeX Info: Redefining \dots on input line 498.
LaTeX Info: Redefining \cdots on input line 619.
\Mathstrutbox@=\box66
\strutbox@=\box67
LaTeX Info: Redefining \big on input line 721.
LaTeX Info: Redefining \Big on input line 722.
LaTeX Info: Redefining \bigg on input line 723.
LaTeX Info: Redefining \Bigg on input line 724.
\big@size=\dimen258
LaTeX Font Info:    Redeclaring font encoding OML on input line 742.
LaTeX Font Info:    Redeclaring font encoding OMS on input line 743.
\macc@depth=\count318
LaTeX Info: Redefining \bmod on input line 904.
LaTeX Info: Redefining \pmod on input line 909.
LaTeX Info: Redefining \smash on input line 939.
LaTeX Info: Redefining \relbar on input line 969.
LaTeX Info: Redefining \Relbar on input line 970.
\c@MaxMatrixCols=\count319
\dotsspace@=\muskip17
\c@parentequation=\count320
\dspbrk@lvl=\count321
\tag@help=\toks31
\row@=\count322
\column@=\count323
\maxfields@=\count324
\andhelp@=\toks32
\eqnshift@=\dimen259
\alignsep@=\dimen260
\tagshift@=\dimen261
\tagwidth@=\dimen262
\totwidth@=\dimen263
\lineht@=\dimen264
\@envbody=\toks33
\multlinegap=\skip77
\multlinetaggap=\skip78
\mathdisplay@stack=\toks34
LaTeX Info: Redefining \[ on input line 2950.
LaTeX Info: Redefining \] on input line 2951.
) (/usr/share/texmf-dist/tex/latex/amsfonts/amssymb.sty
Package: amssymb 2013/01/14 v3.01 AMS font symbols
 (/usr/share/texmf-dist/tex/latex/amsfonts/amsfonts.sty
Package: amsfonts 2013/01/14 v3.01 Basic AMSFonts support
\symAMSa=\mathgroup4
\symAMSb=\mathgroup5
LaTeX Font Info:    Redeclaring math symbol \hbar on input line 98.
LaTeX Font Info:    Overwriting math alphabet `\mathfrak' in version `bold'
(Font)                  U/euf/m/n --> U/euf/b/n on input line 106.
)) (/usr/share/texmf-dist/tex/latex/natbib/natbib.sty
Package: natbib 2010/09/13 8.31b (PWD, AO)
\bibhang=\skip79
\bibsep=\skip80
LaTeX Info: Redefining \cite on input line 694.
\c@NAT@ctr=\count325
) (/usr/share/texmf-dist/tex/latex/lipsum/lipsum.sty (/usr/share/texmf-dist/tex/latex/l3packages/l3keys2e/l3keys2e.sty (/usr/share/texmf-dist/tex/latex/l3kernel/expl3.sty
Package: expl3 2026-01-19 L3 programming layer (loader) 
 (/usr/share/texmf-dist/tex/latex/l3backend/l3backend-pdftex.def
File: l3backend-pdftex.def 2025-10-09 L3 backend support: PDF output (pdfTeX)
\l__color_backend_stack_int=\count326
))
Package: l3keys2e 2025-10-09 LaTeX2e option processing using LaTeX3 keys
)
Package: lipsum 2021-09-20 v2.7 150 paragraphs of Lorem Ipsum dummy text
\g__lipsum_par_int=\count327
\l__lipsum_a_int=\count328
\l__lipsum_b_int=\count329
 (/usr/share/texmf-dist/tex/latex/lipsum/lipsum.ltd.tex)) (/usr/share/texmf-dist/tex/latex/hyperref/hyperref.sty
Package: hyperref 2026-01-29 v7.01p Hypertext links for LaTeX
 (/usr/share/texmf-dist/tex/latex/kvsetkeys/kvsetkeys.sty
Package: kvsetkeys 2022-10-05 v1.19 Key value parser (HO)
) (/usr/share/texmf-dist/tex/generic/kvdefinekeys/kvdefinekeys.sty
Package: kvdefinekeys 2019-12-19 v1.6 Define keys (HO)
) (/usr/share/texmf-dist/tex/generic/pdfescape/pdfescape.sty
Package: pdfescape 2019/12/09 v1.15 Implements pdfTeX's escape features (HO)
 (/usr/share/texmf-dist/tex/generic/ltxcmds/ltxcmds.sty
Package: ltxcmds 2023-12-04 v1.26 LaTeX kernel commands for general use (HO)
) (/usr/share/texmf-dist/tex/generic/pdftexcmds/pdftexcmds.sty
Package: pdftexcmds 2020-06-27 v0.33 Utility functions of pdfTeX for LuaTeX (HO)
 (/usr/share/texmf-dist/tex/generic/infwarerr/infwarerr.sty
Package: infwarerr 2019/12/03 v1.5 Providing info/warning/error messages (HO)
)
Package pdftexcmds Info: \pdf@primitive is available.
Package pdftexcmds Info: \pdf@ifprimitive is available.
Package pdftexcmds Info: \pdfdraftmode found.
)) (/usr/share/texmf-dist/tex/latex/hycolor/hycolor.sty
Package: hycolor 2020-01-27 v1.10 Color options for hyperref/bookmark (HO)
) (/usr/share/texmf-dist/tex/latex/hyperref/nameref.sty
Package: nameref 2026-01-29 v2.58 Cross-referencing by name of section
 (/usr/share/texmf-dist/tex/latex/refcount/refcount.sty
Package: refcount 2019/12/15 v3.6 Data extraction from label references (HO)
) (/usr/share/texmf-dist/tex/generic/gettitlestring/gettitlestring.sty
Package: gettitlestring 2019/12/15 v1.6 Cleanup title references (HO)
 (/usr/share/texmf-dist/tex/latex/kvoptions/kvoptions.sty
Package: kvoptions 2022-06-15 v3.15 Key value format for package options (HO)
))
\c@section@level=\count330
) (/usr/share/texmf-dist/tex/latex/etoolbox/etoolbox.sty
Package: etoolbox 2025/10/02 v2.5m e-TeX tools for LaTeX (JAW)
\etb@tempcnta=\count331
) (/usr/share/texmf-dist/tex/generic/stringenc/stringenc.sty
Package: stringenc 2019/11/29 v1.12 Convert strings between diff. encodings (HO)
)
\@linkdim=\dimen265
\Hy@linkcounter=\count332
\Hy@pagecounter=\count333
 (/usr/share/texmf-dist/tex/latex/hyperref/pd1enc.def
File: pd1enc.def 2026-01-29 v7.01p Hyperref: PDFDocEncoding definition (HO)
Now handling font encoding PD1 ...
... no UTF-8 mapping file for font encoding PD1
) (/usr/share/texmf-dist/tex/generic/intcalc/intcalc.sty
Package: intcalc 2019/12/15 v1.3 Expandable calculations with integers (HO)
)
\Hy@SavedSpaceFactor=\count334
 (/usr/share/texmf-dist/tex/latex/hyperref/puenc.def
File: puenc.def 2026-01-29 v7.01p Hyperref: PDF Unicode definition (HO)
Now handling font encoding PU ...
... no UTF-8 mapping file for font encoding PU
)
Package hyperref Info: Hyper figures OFF on input line 4201.
Package hyperref Info: Link nesting OFF on input line 4206.
Package hyperref Info: Hyper index ON on input line 4209.
Package hyperref Info: Plain pages OFF on input line 4216.
Package hyperref Info: Backreferencing OFF on input line 4221.
Package hyperref Info: Implicit mode ON; LaTeX internals redefined.
Package hyperref Info: Bookmarks ON on input line 4468.
\c@Hy@tempcnt=\count335
 (/usr/share/texmf-dist/tex/latex/url/url.sty
\Urlmuskip=\muskip18
Package: url 2013/09/16  ver 3.4  Verb mode for urls, etc.
)
LaTeX Info: Redefining \url on input line 4807.
\XeTeXLinkMargin=\dimen266
 (/usr/share/texmf-dist/tex/generic/bitset/bitset.sty
Package: bitset 2019/12/09 v1.3 Handle bit-vector datatype (HO)
 (/usr/share/texmf-dist/tex/generic/bigintcalc/bigintcalc.sty
Package: bigintcalc 2019/12/15 v1.5 Expandable calculations on big integers (HO)
))
\Fld@menulength=\count336
\Field@Width=\dimen267
\Fld@charsize=\dimen268
Package hyperref Info: Hyper figures OFF on input line 6084.
Package hyperref Info: Link nesting OFF on input line 6089.
Package hyperref Info: Hyper index ON on input line 6092.
Package hyperref Info: backreferencing OFF on input line 6099.
Package hyperref Info: Link coloring OFF on input line 6104.
Package hyperref Info: Link coloring with OCG OFF on input line 6109.
Package hyperref Info: PDF/A mode OFF on input line 6114.
\Hy@abspage=\count337
\c@Item=\count338
\c@Hfootnote=\count339
)
Package hyperref Info: Driver (autodetected): hpdftex.
 (/usr/share/texmf-dist/tex/latex/hyperref/hpdftex.def
File: hpdftex.def 2026-01-29 v7.01p Hyperref driver for pdfTeX
\Fld@listcount=\count340
\c@bookmark@seq@number=\count341
 (/usr/share/texmf-dist/tex/latex/rerunfilecheck/rerunfilecheck.sty
Package: rerunfilecheck 2025-06-21 v1.11 Rerun checks for auxiliary files (HO)
 (/usr/share/texmf-dist/tex/generic/uniquecounter/uniquecounter.sty
Package: uniquecounter 2019/12/15 v1.4 Provide unlimited unique counter (HO)
)
Package uniquecounter Info: New unique counter `rerunfilecheck' on input line 284.
)
\Hy@SectionHShift=\skip81
) (/usr/share/texmf-dist/tex/latex/tocloft/tocloft.sty
Package: tocloft 2017/08/31 v2.3i parameterised ToC, etc., typesetting
Package tocloft Info: The document has chapter divisions on input line 51.
\cftparskip=\skip82
\cftbeforetoctitleskip=\skip83
\cftaftertoctitleskip=\skip84
\cftbeforepartskip=\skip85
\cftpartnumwidth=\skip86
\cftpartindent=\skip87
\cftbeforechapskip=\skip88
\cftchapindent=\skip89
\cftchapnumwidth=\skip90
\cftbeforesecskip=\skip91
\cftsecindent=\skip92
\cftsecnumwidth=\skip93
\cftbeforesubsecskip=\skip94
\cftsubsecindent=\skip95
\cftsubsecnumwidth=\skip96
\cftbeforesubsubsecskip=\skip97
\cftsubsubsecindent=\skip98
\cftsubsubsecnumwidth=\skip99
\cftbeforeparaskip=\skip100
\cftparaindent=\skip101
\cftparanumwidth=\skip102
\cftbeforesubparaskip=\skip103
\cftsubparaindent=\skip104
\cftsubparanumwidth=\skip105
\cftbeforeloftitleskip=\skip106
\cftafterloftitleskip=\skip107
\cftbeforefigskip=\skip108
\cftfigindent=\skip109
\cftfignumwidth=\skip110
\c@lofdepth=\count342
\c@lotdepth=\count343
\cftbeforelottitleskip=\skip111
\cftafterlottitleskip=\skip112
\cftbeforetabskip=\skip113
\cfttabindent=\skip114
\cfttabnumwidth=\skip115
) (/usr/share/texmf-dist/tex/latex/tools/afterpage.sty
Package: afterpage 2023/07/04 v1.08 After-Page Package (DPC)
\AP@output=\toks35
\AP@partial=\box68
\AP@footins=\box69
) (/usr/share/texmf-dist/tex/latex/tools/indentfirst.sty
Package: indentfirst 2023/07/02 v1.03 Indent first paragraph (DPC)
) (/usr/share/texmf-dist/tex/generic/soul/soul.sty
Package: soul 2023-06-14 v3.1 Permit use of UTF-8 characters in soul (HO)
 (/usr/share/texmf-dist/tex/generic/soul/soul-ori.sty
Package: soul-ori 2023-06-14 v3.1 letterspacing/underlining (mf)
\SOUL@word=\toks36
\SOUL@lasttoken=\toks37
\SOUL@syllable=\toks38
\SOUL@cmds=\toks39
\SOUL@buffer=\toks40
\SOUL@token=\toks41
\SOUL@syllgoal=\dimen269
\SOUL@syllwidth=\dimen270
\SOUL@charkern=\dimen271
\SOUL@hyphkern=\dimen272
\SOUL@dimen=\dimen273
\SOUL@dimeni=\dimen274
\SOUL@minus=\count344
\SOUL@comma=\count345
\SOUL@apo=\count346
\SOUL@grave=\count347
\SOUL@spaceskip=\skip116
\SOUL@ttwidth=\dimen275
\SOUL@uldp=\dimen276
\SOUL@ulht=\dimen277
) (/usr/share/texmf-dist/tex/generic/etexcmds/etexcmds.sty
Package: etexcmds 2019/12/15 v1.7 Avoid name clashes with e-TeX commands (HO)
))) (./config/hyperref-config.tex
Package hyperref Info: Option `colorlinks' set `true' on input line 13.
) (./config/formatting.tex) (./config/page-style.tex) (./config/custom-commands.tex)
LaTeX Font Info:    Trying to load font information for T1+ptm on input line 58.
 (/usr/share/texmf-dist/tex/latex/psnfss/t1ptm.fd
File: t1ptm.fd 2001/06/04 font definitions for T1/ptm.
) (./main.aux

LaTeX Warning: Label `subsec:model-evaluation' multiply defined.


LaTeX Warning: Label `subsec:system-evaluation' multiply defined.

)
\openout1 = `main.aux'.

LaTeX Font Info:    Checking defaults for OML/cmm/m/it on input line 58.
LaTeX Font Info:    ... okay on input line 58.
LaTeX Font Info:    Checking defaults for OMS/cmsy/m/n on input line 58.
LaTeX Font Info:    ... okay on input line 58.
LaTeX Font Info:    Checking defaults for OT1/cmr/m/n on input line 58.
LaTeX Font Info:    ... okay on input line 58.
LaTeX Font Info:    Checking defaults for T1/cmr/m/n on input line 58.
LaTeX Font Info:    ... okay on input line 58.
LaTeX Font Info:    Checking defaults for TS1/cmr/m/n on input line 58.
LaTeX Font Info:    ... okay on input line 58.
LaTeX Font Info:    Checking defaults for OMX/cmex/m/n on input line 58.
LaTeX Font Info:    ... okay on input line 58.
LaTeX Font Info:    Checking defaults for U/cmr/m/n on input line 58.
LaTeX Font Info:    ... okay on input line 58.
LaTeX Font Info:    Checking defaults for PD1/pdf/m/n on input line 58.
LaTeX Font Info:    ... okay on input line 58.
LaTeX Font Info:    Checking defaults for PU/pdf/m/n on input line 58.
LaTeX Font Info:    ... okay on input line 58.

*geometry* driver: auto-detecting
*geometry* detected driver: pdftex
*geometry* verbose mode - [ preamble ] result:
* driver: pdftex
* paper: a4paper
* layout: <same size as paper>
* layoutoffset:(h,v)=(0.0pt,0.0pt)
* modes: 
* h-part:(L,W,R)=(113.81102pt, 398.3386pt, 85.35826pt)
* v-part:(T,H,B)=(113.81102pt, 645.87756pt, 85.35826pt)
* \paperwidth=597.50787pt
* \paperheight=845.04684pt
* \textwidth=398.3386pt
* \textheight=645.87756pt
* \oddsidemargin=41.54103pt
* \evensidemargin=41.54103pt
* \topmargin=4.54103pt
* \headheight=12.0pt
* \headsep=25.0pt
* \topskip=12.0pt
* \footskip=30.0pt
* \marginparwidth=35.0pt
* \marginparsep=10.0pt
* \columnsep=10.0pt
* \skip\footins=10.8pt plus 4.0pt minus 2.0pt
* \hoffset=0.0pt
* \voffset=0.0pt
* \mag=1000
* \@twocolumnfalse
* \@twosidefalse
* \@mparswitchfalse
* \@reversemarginfalse
* (1in=72.27pt=25.4mm, 1cm=28.453pt)

\c@lstlisting=\count348
Package caption Info: Begin \AtBeginDocument code.
Package caption Info: float package is loaded.
Package caption Info: hyperref package is loaded.
Package caption Info: longtable package is loaded.
(/usr/share/texmf-dist/tex/latex/caption/ltcaption.sty
Package: ltcaption 2021/01/08 v1.4c longtable captions (AR)
)
Package caption Info: End \AtBeginDocument code.
 (/usr/share/texmf-dist/tex/context/base/mkii/supp-pdf.mkii
[Loading MPS to PDF converter (version 2006.09.02).]
\scratchcounter=\count349
\scratchdimen=\dimen278
\scratchbox=\box70
\nofMPsegments=\count350
\nofMParguments=\count351
\everyMPshowfont=\toks42
\MPscratchCnt=\count352
\MPscratchDim=\dimen279
\MPnumerator=\count353
\makeMPintoPDFobject=\count354
\everyMPtoPDFconversion=\toks43
) (/usr/share/texmf-dist/tex/latex/epstopdf-pkg/epstopdf-base.sty
Package: epstopdf-base 2020-01-24 v2.11 Base part for package epstopdf
Package epstopdf-base Info: Redefining graphics rule for `.eps' on input line 485.
 (/usr/share/texmf-dist/tex/latex/latexconfig/epstopdf-sys.cfg
File: epstopdf-sys.cfg 2010/07/13 v1.3 Configuration of (r)epstopdf for TeX Live
)) (/usr/share/texmf-dist/tex/latex/graphics/color.sty
Package: color 2025/01/14 v1.3e Standard LaTeX Color (DPC)
 (/usr/share/texmf-dist/tex/latex/graphics-cfg/color.cfg
File: color.cfg 2016/01/02 v1.6 sample color configuration
)
Package color Info: Driver file: pdftex.def on input line 149.
 (/usr/share/texmf-dist/tex/latex/graphics/mathcolor.ltx))
Package hyperref Info: Link coloring ON on input line 58.
 (./main.out) (./main.out)
\@outlinefile=\write3
\openout3 = `main.out'.

 (./frontmatter/00-cover.tex
<images/logo.png, id=276, 157.58875pt x 148.555pt>
File: images/logo.png Graphic file (type png)
<use images/logo.png>
Package pdftex.def Info: images/logo.png  used on input line 14.
(pdftex.def)             Requested size: 113.81102pt x 107.2882pt.
 [1

{/var/lib/texmf/fonts/map/pdftex/updmap/pdftex.map}{/usr/share/texmf-dist/fonts/enc/dvips/base/8r.enc} <./images/logo.png>]) (./frontmatter/01-dedication.tex
Overfull \hbox (13.38878pt too wide) in paragraph at lines 19--20
\T1/ptm/m/n/12 Pem-bimb-ing Uta-ma yang telah melu-angkan wak-tu, mem-berikan ara-han, bimbin-
 []


Overfull \hbox (8.37326pt too wide) in paragraph at lines 23--24
[]\T1/ptm/m/n/12 Sahabat, te-man seper-juan-gan, dan selu-ruh pi-hak yang telah mem-berikan dukun-
 []

[1

]) (./frontmatter/02-motto.tex [2

]) (./frontmatter/03-originality.tex
Overfull \hbox (8.63951pt too wide) in paragraph at lines 18--19
\T1/ptm/m/it/12 What-sApp Berba-sis Web Meng-gu-nakan BERTopic den-gan In-doBER-Tweet dan BIRCH
 []

[3

]) (./frontmatter/04-approval.tex
LaTeX Font Info:    Trying to load font information for U+msa on input line 15.
 (/usr/share/texmf-dist/tex/latex/amsfonts/umsa.fd
File: umsa.fd 2013/01/14 v3.01 AMS symbols A
)
LaTeX Font Info:    Trying to load font information for U+msb on input line 15.
 (/usr/share/texmf-dist/tex/latex/amsfonts/umsb.fd
File: umsb.fd 2013/01/14 v3.01 AMS symbols B
)
Overfull \hbox (11.99998pt too wide) in paragraph at lines 24--50
[]
 []


Underfull \hbox (badness 10000) in paragraph at lines 24--50

 []

[4

]) (./frontmatter/05-abstract-id.tex [5

]) (./frontmatter/06-abstract-en.tex [6

]) (./frontmatter/07-summary.tex
Overfull \hbox (4.87073pt too wide) in paragraph at lines 30--31
[]\T1/ptm/m/n/12 Temuan peneli-tian me-nun-jukkan bah-wa ...(Jelaskan hasil uta-ma, temuan pent-
 []

[7

]) (./frontmatter/08-preface.tex
Overfull \hbox (19.089pt too wide) in paragraph at lines 24--25
[]\T1/ptm/m/n/12 Bapak Yud-ha Alif Auliya, S.Kom.,M.Kom. se-laku Dosen Pem-bimb-ing Akademik
 []

[8

] [9]) (./frontmatter/09-toc.tex (./main.toc [10])
\tf@toc=\write4
\openout4 = `main.toc'.

 [11] (./main.lot)
\tf@lot=\write5
\openout5 = `main.lot'.

 [12] (./main.lof
Overfull \hbox (4.64221pt too wide) in paragraph at lines 7--7
 [][] [][][]\T1/ptm/m/n/12 Rancangan frame-work BERTopic yang di-mod-i-fikasi pa-da tahap pem- 
 []

)
\tf@lof=\write6
\openout6 = `main.lof'.

 [13]) (./chapters/01-introduction.tex
Bab 1.

Overfull \hbox (1.2957pt too wide) in paragraph at lines 27--31
[]\T1/ptm/m/it/12 Topic mod-el-ing \T1/ptm/m/n/12 su-dah banyak di-gu-nakan pa-da peneli-tian ter-dahu-lu un-tuk men-
 []


Overfull \hbox (2.25485pt too wide) in paragraph at lines 32--35
[]\T1/ptm/m/n/12 Penelitian se-belum-nya mem-band-ingkan be-ber-a-pa mod-el \T1/ptm/m/it/12 top-ic mod-el-ing \T1/ptm/m/n/12 seper-
 []


pdfTeX warning (ext4): destination with the same identifier (name{page.1}) has been already used, duplicate ignored
<to be read again> 
                   \relax 
l.35 
      [1

]
Overfull \hbox (14.23068pt too wide) in paragraph at lines 36--40
[]\T1/ptm/m/n/12 Pada peneli-tian [][]Muha-jir et al.[][] ([][]2025[][]), penulis men-gusulkan mod-i-fikasi BERTopic
 []


Overfull \hbox (3.48877pt too wide) in paragraph at lines 36--40
\T1/ptm/m/n/12 BIRCH dip-il-ih se-ba-gai metode \T1/ptm/m/it/12 clus-ter-ing \T1/ptm/m/n/12 kare-na ke-mam-puan-nya mem-ben-tuk klaster
 []


Package fancyhdr Warning: \headheight is too small (12.0pt): 
(fancyhdr)                Make it at least 14.49998pt, for example:
(fancyhdr)                \setlength{\headheight}{14.49998pt}.
(fancyhdr)                You might also make \topmargin smaller:
(fancyhdr)                \addtolength{\topmargin}{-2.49998pt}.

[2]

Package fancyhdr Warning: \headheight is too small (12.0pt): 
(fancyhdr)                Make it at least 14.49998pt, for example:
(fancyhdr)                \setlength{\headheight}{14.49998pt}.
(fancyhdr)                You might also make \topmargin smaller:
(fancyhdr)                \addtolength{\topmargin}{-2.49998pt}.

[3]
Overfull \hbox (0.64459pt too wide) in paragraph at lines 69--70
\T1/ptm/m/n/12 doBER-Tweet dan BIRCH \T1/ptm/m/it/12 clus-ter-ing\T1/ptm/m/n/12 , se-hing-ga da-p-at di-gu-nakan lang-sung oleh
 []


Overfull \hbox (0.86185pt too wide) in paragraph at lines 76--77
\T1/ptm/m/n/12 Adapun man-faat yang di-hara-p-kan dari peneli-tian ini da-p-at di-u-raikan se-ba-gai berikut: 
 []


Overfull \hbox (0.13997pt too wide) in paragraph at lines 79--80
\T1/ptm/m/n/12 Tweet dan BIRCH \T1/ptm/m/it/12 clus-ter-ing \T1/ptm/m/n/12 un-tuk anal-i-sis top-ik pa-da teks per-caka-pan berba-
 []


Overfull \hbox (2.30077pt too wide) in paragraph at lines 80--81
[]\T1/ptm/m/n/12 Menyediakan sis-tem berba-sis \T1/ptm/m/it/12 web \T1/ptm/m/n/12 yang mam-pu men-ganal-i-sis per-caka-pan grup
 []


Overfull \hbox (3.71759pt too wide) in paragraph at lines 88--89
\T1/ptm/m/n/12 Agar peneli-tian ini lebih ter-arah dan fokus, ma-ka dite-tap-kan be-ber-a-pa batasan peneli-
 []


Package fancyhdr Warning: \headheight is too small (12.0pt): 
(fancyhdr)                Make it at least 14.49998pt, for example:
(fancyhdr)                \setlength{\headheight}{14.49998pt}.
(fancyhdr)                You might also make \topmargin smaller:
(fancyhdr)                \addtolength{\topmargin}{-2.49998pt}.

[4]) (./chapters/02-literature.tex

Package fancyhdr Warning: \headheight is too small (12.0pt): 
(fancyhdr)                Make it at least 14.49998pt, for example:
(fancyhdr)                \setlength{\headheight}{14.49998pt}.
(fancyhdr)                You might also make \topmargin smaller:
(fancyhdr)                \addtolength{\topmargin}{-2.49998pt}.

[5]
Bab 2.
(./tables/02-literature/tinjauan-penelitian-terdahulu.tex
Overfull \hbox (1.24007pt too wide) in paragraph at lines 15--15
 []|\T1/ptm/b/n/8 No| 
 []


Overfull \hbox (1.24007pt too wide) in paragraph at lines 21--21
 []|\T1/ptm/b/n/8 No| 
 []


Underfull \hbox (badness 10000) in paragraph at lines 32--32
[]|\T1/ptm/m/it/8 A Top-ic Mod-el-ing
 []


Underfull \hbox (badness 10000) in paragraph at lines 32--32
\T1/ptm/m/it/8 and BERTopic to
 []


Underfull \hbox (badness 10000) in paragraph at lines 32--32
\T1/ptm/m/it/8 De-mys-ti-fy Twit-ter
 []


Underfull \hbox (badness 2165) in paragraph at lines 33--33
[]|\T1/ptm/m/n/8 Penelitian ini mem-band-
 []


Underfull \hbox (badness 10000) in paragraph at lines 33--33
\T1/ptm/m/n/8 di-rekomen-dasikan un-
 []


Underfull \hbox (badness 4416) in paragraph at lines 33--33
\T1/ptm/m/n/8 tuk pen-dekatan berba-sis
 []


Underfull \hbox (badness 10000) in paragraph at lines 33--33
\T1/ptm/m/it/8 em-bed-ding\T1/ptm/m/n/8 , sedan-gkan
 []


Underfull \hbox (badness 5939) in paragraph at lines 33--33
\T1/ptm/m/n/8 NMF men-ja-di al-ter-natif
 []


Underfull \hbox (badness 10000) in paragraph at lines 33--33
\T1/ptm/m/n/8 tra-di-sion-al yang lebih
 []


Underfull \hbox (badness 10000) in paragraph at lines 34--34
[]|\T1/ptm/m/n/8 Meskipun BERTopic
 []


Underfull \hbox (badness 10000) in paragraph at lines 34--34
\T1/ptm/m/n/8 me-nun-jukkan per-for-ma
 []


Underfull \hbox (badness 7468) in paragraph at lines 34--34
\T1/ptm/m/n/8 yang baik, peng-gu-naan
 []


Underfull \hbox (badness 10000) in paragraph at lines 34--34
\T1/ptm/m/it/8 em-bed-ding \T1/ptm/m/n/8 mul-ti-lin-gual
 []


Underfull \hbox (badness 10000) in paragraph at lines 34--34
\T1/ptm/m/n/8 dan \T1/ptm/m/it/8 clus-ter-ing \T1/ptm/m/n/8 de-fault
 []


Underfull \hbox (badness 10000) in paragraph at lines 34--34
\T1/ptm/m/n/8 (HDB-SCAN) masih
 []


Underfull \hbox (badness 10000) in paragraph at lines 34--34
\T1/ptm/m/n/8 memi-li-ki keter-batasan
 []


Underfull \hbox (badness 10000) in paragraph at lines 34--34
\T1/ptm/m/n/8 dalam men-gatasi \T1/ptm/m/it/8 out-
 []


Underfull \hbox (badness 10000) in paragraph at lines 34--34
\T1/ptm/m/it/8 li-er \T1/ptm/m/n/8 dan meningkatkan
 []


Underfull \hbox (badness 1824) in paragraph at lines 34--34
\T1/ptm/m/n/8 sta-bil-i-tas top-ik. Belum
 []


Underfull \hbox (badness 10000) in paragraph at lines 35--36
[]|\T1/ptm/m/n/8 Penelitian ini meng-gu-
 []


Underfull \hbox (badness 10000) in paragraph at lines 35--36
\T1/ptm/m/n/8 nakan In-doBER-Tweet
 []


Underfull \hbox (badness 1776) in paragraph at lines 35--36
\T1/ptm/m/n/8 khusus ba-hasa In-done-sia
 []


Underfull \hbox (badness 10000) in paragraph at lines 35--36
\T1/ptm/m/n/8 ser-ta BIRCH se-ba-gai
 []


Underfull \hbox (badness 10000) in paragraph at lines 35--36
\T1/ptm/m/n/8 al-ter-natif HDB-SCAN
 []


Underfull \hbox (badness 10000) in paragraph at lines 35--36
\T1/ptm/m/n/8 un-tuk meningkatkan
 []


Underfull \hbox (badness 5924) in paragraph at lines 35--36
\T1/ptm/m/n/8 sta-bil-i-tas \T1/ptm/m/it/8 clus-ter-ing \T1/ptm/m/n/8 dan
 []


Underfull \hbox (badness 10000) in paragraph at lines 35--36
\T1/ptm/m/n/8 lain itu, dikem-bangkan
 []


Underfull \hbox (badness 1635) in paragraph at lines 35--36
\T1/ptm/m/n/8 sis-tem berba-sis \T1/ptm/m/it/8 web \T1/ptm/m/n/8 un-
 []


Underfull \hbox (badness 10000) in paragraph at lines 35--36
\T1/ptm/m/n/8 tuk anal-i-sis per-caka-pan
 []


Underfull \hbox (badness 10000) in paragraph at lines 38--38
\T1/ptm/m/it/8 and BIRCH in
 []


Underfull \hbox (badness 10000) in paragraph at lines 38--38
\T1/ptm/m/it/8 BERTopic for In-
 []


Underfull \hbox (badness 8132) in paragraph at lines 38--38
\T1/ptm/m/it/8 done-sian short text
 []


Underfull \hbox (badness 10000) in paragraph at lines 39--40
[]|\T1/ptm/m/n/8 Penelitian ini mem-o-d-i-
 []


Underfull \hbox (badness 3503) in paragraph at lines 39--40
\T1/ptm/m/n/8 fikasi BERTopic den-gan
 []


Underfull \hbox (badness 7362) in paragraph at lines 39--40
\T1/ptm/m/n/8 In-doBERT, BM25, dan
 []


Underfull \hbox (badness 10000) in paragraph at lines 39--40
\T1/ptm/m/n/8 BIRCH den-gan dataset
 []


Underfull \hbox (badness 1163) in paragraph at lines 39--40
\T1/ptm/m/n/8 teks monolog. Berhasil
 []


Underfull \hbox (badness 10000) in paragraph at lines 39--40
\T1/ptm/m/n/8 menu-runk-an \T1/ptm/m/it/8 out-li-er
 []


Underfull \hbox (badness 10000) in paragraph at lines 39--40
\T1/ptm/m/n/8 se-cara sig-nifikan ser-ta
 []


Underfull \hbox (badness 10000) in paragraph at lines 39--40
\T1/ptm/m/n/8 meningkatkan sta-bil-i-tas
 []


Underfull \hbox (badness 10000) in paragraph at lines 41--42
[]|\T1/ptm/m/n/8 Pendekatan ini belum
 []


Underfull \hbox (badness 1783) in paragraph at lines 41--42
\T1/ptm/m/n/8 caka-pan grup What-sApp
 []


Underfull \hbox (badness 10000) in paragraph at lines 41--42
\T1/ptm/m/n/8 lusi per-caka-pan yang
 []


Underfull \hbox (badness 1490) in paragraph at lines 41--42
\T1/ptm/m/n/8 cepat dan vol-ume pe-san
 []


Underfull \hbox (badness 10000) in paragraph at lines 41--42
\T1/ptm/m/n/8 menye-di-akan sis-tem
 []


Underfull \hbox (badness 10000) in paragraph at lines 41--42
\T1/ptm/m/n/8 ap-likasi ba-gi peng-gu-na
 []


Underfull \hbox (badness 10000) in paragraph at lines 43--46
[]|\T1/ptm/m/n/8 Penelitian ini mengim-
 []


Underfull \hbox (badness 3803) in paragraph at lines 43--46
\T1/ptm/m/n/8 ple-men-tasikan BERTopic
 []


Underfull \hbox (badness 10000) in paragraph at lines 43--46
\T1/ptm/m/n/8 den-gan In-doBER-Tweet
 []


Underfull \hbox (badness 10000) in paragraph at lines 43--46
\T1/ptm/m/n/8 What-sApp yang di-in-te-
 []


Underfull \hbox (badness 10000) in paragraph at lines 43--46
\T1/ptm/m/n/8 anal-i-sis in-ter-ak-tif un-
 []


Underfull \hbox (badness 10000) in paragraph at lines 43--46
\T1/ptm/m/n/8 tuk memvi-su-al-isas-ikan
 []


Underfull \hbox (badness 10000) in paragraph at lines 43--46
\T1/ptm/m/n/8 di-nami-ka top-ik se-cara
 []


Underfull \hbox (badness 7168) in paragraph at lines 48--48
[]|\T1/ptm/m/it/8 BERTopic En-hanced
 []


Underfull \hbox (badness 10000) in paragraph at lines 48--48
\T1/ptm/m/it/8 Bib-lio-met-ric In-sight
 []


Underfull \hbox (badness 10000) in paragraph at lines 48--48
\T1/ptm/m/it/8 In-to Glob-al South
 []


Underfull \hbox (badness 10000) in paragraph at lines 48--48
\T1/ptm/m/it/8 High-er Ed-u-ca-tion
 []


Underfull \hbox (badness 10000) in paragraph at lines 48--48
\T1/ptm/m/n/8 ([][]Baner-jee and Pan[][],
 []


Underfull \hbox (badness 2158) in paragraph at lines 49--50
\T1/ptm/m/n/8 sis-tem pen-didikan ting-gi
 []


Underfull \hbox (badness 10000) in paragraph at lines 49--50
\T1/ptm/m/n/8 meng-gu-nakan kerang-ka
 []


Underfull \hbox (badness 10000) in paragraph at lines 49--50
\T1/ptm/m/n/8 yang meng-gabungkan
 []


Underfull \hbox (badness 10000) in paragraph at lines 49--50
\T1/ptm/m/n/8 liometrik (Bib-lio-met-ric
 []


Underfull \hbox (badness 2707) in paragraph at lines 49--50
\T1/ptm/m/n/8 Co-occurrence Anal-y-sis),
 []


Underfull \hbox (badness 10000) in paragraph at lines 49--50
\T1/ptm/m/n/8 pe-mod-e-lan top-ik LDA,
 []


Underfull \hbox (badness 10000) in paragraph at lines 49--50
\T1/ptm/m/n/8 BERTopic me-nun-jukkan
 []


Underfull \hbox (badness 10000) in paragraph at lines 49--50
\T1/ptm/m/n/8 per-for-ma lebih baik
 []


Underfull \hbox (badness 10000) in paragraph at lines 49--50
\T1/ptm/m/n/8 diband-ing LDA dalam
 []


Underfull \hbox (badness 10000) in paragraph at lines 49--50
\T1/ptm/m/n/8 ko-heren-si dan jum-lah
 []


Underfull \hbox (badness 4479) in paragraph at lines 51--52
\T1/ptm/m/n/8 mengek-splo-rasi al-ter-natif
 []


Underfull \hbox (badness 2229) in paragraph at lines 51--52
\T1/ptm/m/n/8 In-done-sia den-gan karak-
 []


Underfull \hbox (badness 6842) in paragraph at lines 51--52
\T1/ptm/m/n/8 ter-is-tik teks per-caka-pan
 []


Underfull \hbox (badness 5924) in paragraph at lines 51--52
\T1/ptm/m/n/8 in-for-mal yang memi-li-ki
 []


Underfull \hbox (badness 1292) in paragraph at lines 51--52
\T1/ptm/m/n/8 tian terse-but ju-ga belum
 []


Underfull \hbox (badness 3919) in paragraph at lines 51--52
\T1/ptm/m/n/8 menye-di-akan sis-tem ap-
 []


Underfull \hbox (badness 10000) in paragraph at lines 53--59
[]|\T1/ptm/m/n/8 Penelitian ini berkon-
 []


Underfull \hbox (badness 5924) in paragraph at lines 53--59
\T1/ptm/m/n/8 BIRCH \T1/ptm/m/it/8 clus-ter-ing \T1/ptm/m/n/8 yang
 []


Underfull \hbox (badness 10000) in paragraph at lines 53--59
\T1/ptm/m/n/8 mam-pu men-gako-modasi
 []


Underfull \hbox (badness 10000) in paragraph at lines 53--59
\T1/ptm/m/n/8 sekali-gus meng-gu-nakan
 []


Underfull \hbox (badness 10000) in paragraph at lines 53--59
\T1/ptm/m/n/8 In-doBER-Tweet se-ba-gai
 []


Underfull \hbox (badness 1418) in paragraph at lines 53--59
\T1/ptm/m/it/8 em-bed-ding \T1/ptm/m/n/8 un-tuk dataset
 []


Underfull \hbox (badness 10000) in paragraph at lines 53--59
\T1/ptm/m/n/8 per-caka-pan berba-hasa
 []


Underfull \hbox (badness 10000) in paragraph at lines 53--59
\T1/ptm/m/n/8 In-done-sia yang banyak
 []


Underfull \hbox (badness 4726) in paragraph at lines 53--59
\T1/ptm/m/n/8 men-gan-dung ka-ta in-for-
 []


Underfull \hbox (badness 10000) in paragraph at lines 53--59
\T1/ptm/m/n/8 mal dan \T1/ptm/m/it/8 code-mixing\T1/ptm/m/n/8 .
 []


Underfull \hbox (badness 10000) in paragraph at lines 53--59
\T1/ptm/m/n/8 di-akan sis-tem ap-likasi
 []

) [6

]

Package fancyhdr Warning: \headheight is too small (12.0pt): 
(fancyhdr)                Make it at least 14.49998pt, for example:
(fancyhdr)                \setlength{\headheight}{14.49998pt}.
(fancyhdr)                You might also make \topmargin smaller:
(fancyhdr)                \addtolength{\topmargin}{-2.49998pt}.

[7]
<images/framework-bertopic-modifikasi-indobert-birch-bm25.png, id=554, 443.6575pt x 693.59125pt>
File: images/framework-bertopic-modifikasi-indobert-birch-bm25.png Graphic file (type png)
<use images/framework-bertopic-modifikasi-indobert-birch-bm25.png>
Package pdftex.def Info: images/framework-bertopic-modifikasi-indobert-birch-bm25.png  used on input line 49.
(pdftex.def)             Requested size: 179.25114pt x 280.22559pt.


Package fancyhdr Warning: \headheight is too small (12.0pt): 
(fancyhdr)                Make it at least 14.49998pt, for example:
(fancyhdr)                \setlength{\headheight}{14.49998pt}.
(fancyhdr)                You might also make \topmargin smaller:
(fancyhdr)                \addtolength{\topmargin}{-2.49998pt}.

[8 <./images/framework-bertopic-modifikasi-indobert-birch-bm25.png>] (./tables/02-literature/tabel-indobertweet-kinerja.tex
Overfull \hbox (14.22638pt too wide) in paragraph at lines 11--12
 []|[]| 
 []

)

Package fancyhdr Warning: \headheight is too small (12.0pt): 
(fancyhdr)                Make it at least 14.49998pt, for example:
(fancyhdr)                \setlength{\headheight}{14.49998pt}.
(fancyhdr)                You might also make \topmargin smaller:
(fancyhdr)                \addtolength{\topmargin}{-2.49998pt}.

[9]
Overfull \hbox (3.99403pt too wide) in paragraph at lines 86--95
[]\T1/ptm/m/n/12 BIRCH (\T1/ptm/m/it/12 Bal-anced It-er-a-tive Re-duc-ing and Clus-ter-ing us-ing Hi-er-ar-chies\T1/ptm/m/n/12 ) meru-
 []


Overfull \hbox (10.7014pt too wide) in paragraph at lines 86--95
\T1/ptm/m/n/12 pakan al-go-rit-ma \T1/ptm/m/it/12 clus-ter-ing \T1/ptm/m/n/12 hi-er-arkis yang di-ran-cang un-tuk menan-gani dataset berskala
 []


Overfull \hbox (2.6731pt too wide) in paragraph at lines 96--100
\T1/ptm/m/n/12 orisinil dan di-pa-parkan kem-bali pa-da ka-jian im-ple-men-tasi matem-a-tis mod-ern ([][]Zhang
 []


Package fancyhdr Warning: \headheight is too small (12.0pt): 
(fancyhdr)                Make it at least 14.49998pt, for example:
(fancyhdr)                \setlength{\headheight}{14.49998pt}.
(fancyhdr)                You might also make \topmargin smaller:
(fancyhdr)                \addtolength{\topmargin}{-2.49998pt}.

[10]
Overfull \hbox (9.85117pt too wide) in paragraph at lines 114--117
[]\T1/ptm/m/n/12 Radius sub-klaster di-gu-nakan se-ba-gai dasar kepu-tu-san pemisa-han/penggabungan
 []


Overfull \hbox (5.5655pt too wide) in paragraph at lines 114--117
\T1/ptm/m/n/12 node. Ben-tuk kom-puta-sion-al berikut ekuiv-alen den-gan defin-isi ra-dius BIRCH ([][]Zhang
 []


Package fancyhdr Warning: \headheight is too small (12.0pt): 
(fancyhdr)                Make it at least 14.49998pt, for example:
(fancyhdr)                \setlength{\headheight}{14.49998pt}.
(fancyhdr)                You might also make \topmargin smaller:
(fancyhdr)                \addtolength{\topmargin}{-2.49998pt}.

[11]
Overfull \hbox (45.79472pt too wide) in paragraph at lines 149--164
\T1/ptm/m/n/12 dengan fungsi \T1/ptm/m/it/12 in-verse doc-u-ment fre-quen-cy \T1/ptm/m/n/12 didefin-isikan se-ba-gai $\OML/cmm/m/it/12 IDF\OT1/cmr/m/n/12 (\OML/cmm/m/it/12 t\OT1/cmr/m/n/12 ) = [] []$\T1/ptm/m/n/12 .
 []


Overfull \hbox (5.01189pt too wide) in paragraph at lines 149--164
\T1/ptm/m/n/12 dino-tasikan se-ba-gai $\OML/cmm/m/it/12 C[]$\T1/ptm/m/n/12 . Un-tuk se-ti-ap doku-men terse-but, $\OML/cmm/m/it/12 f\OT1/cmr/m/n/12 (\OML/cmm/m/it/12 t; d\OT1/cmr/m/n/12 )$ \T1/ptm/m/n/12 meny-atakan frekuen-
 []


Package fancyhdr Warning: \headheight is too small (12.0pt): 
(fancyhdr)                Make it at least 14.49998pt, for example:
(fancyhdr)                \setlength{\headheight}{14.49998pt}.
(fancyhdr)                You might also make \topmargin smaller:
(fancyhdr)                \addtolength{\topmargin}{-2.49998pt}.

[12]

Package fancyhdr Warning: \headheight is too small (12.0pt): 
(fancyhdr)                Make it at least 14.49998pt, for example:
(fancyhdr)                \setlength{\headheight}{14.49998pt}.
(fancyhdr)                You might also make \topmargin smaller:
(fancyhdr)                \addtolength{\topmargin}{-2.49998pt}.

[13]) (./chapters/03-methodology.tex

Package fancyhdr Warning: \headheight is too small (12.0pt): 
(fancyhdr)                Make it at least 14.49998pt, for example:
(fancyhdr)                \setlength{\headheight}{14.49998pt}.
(fancyhdr)                You might also make \topmargin smaller:
(fancyhdr)                \addtolength{\topmargin}{-2.49998pt}.

[14]
Bab 3.
[15

]
<images/alur_penelitian.png, id=691, 653.44125pt x 302.12875pt>
File: images/alur_penelitian.png Graphic file (type png)
<use images/alur_penelitian.png>
Package pdftex.def Info: images/alur_penelitian.png  used on input line 46.
(pdftex.def)             Requested size: 338.59023pt x 156.55002pt.


Package fancyhdr Warning: \headheight is too small (12.0pt): 
(fancyhdr)                Make it at least 14.49998pt, for example:
(fancyhdr)                \setlength{\headheight}{14.49998pt}.
(fancyhdr)                You might also make \topmargin smaller:
(fancyhdr)                \addtolength{\topmargin}{-2.49998pt}.

[16 <./images/alur_penelitian.png>]
Overfull \hbox (5.82835pt too wide) in paragraph at lines 74--75
[]\T1/ptm/m/n/12 Pemfilteran pe-san sis-tem, yaitu meng-ha-pus no-ti-fikasi bawaan What-sApp seper-
 []


Overfull \hbox (1.30466pt too wide) in paragraph at lines 80--81
[]\T1/ptm/m/n/12 Normalisasi teks den-gan men-gubah selu-ruh karak-ter men-ja-di hu-ruf ke-cil (\T1/ptm/m/it/12 low-
 []


Package fancyhdr Warning: \headheight is too small (12.0pt): 
(fancyhdr)                Make it at least 14.49998pt, for example:
(fancyhdr)                \setlength{\headheight}{14.49998pt}.
(fancyhdr)                You might also make \topmargin smaller:
(fancyhdr)                \addtolength{\topmargin}{-2.49998pt}.

[17]
<images/framework-BERTopic-modifikasi.png, id=708, 392.46625pt x 724.7075pt>
File: images/framework-BERTopic-modifikasi.png Graphic file (type png)
<use images/framework-BERTopic-modifikasi.png>
Package pdftex.def Info: images/framework-BERTopic-modifikasi.png  used on input line 93.
(pdftex.def)             Requested size: 159.333pt x 294.22371pt.


Package fancyhdr Warning: \headheight is too small (12.0pt): 
(fancyhdr)                Make it at least 14.49998pt, for example:
(fancyhdr)                \setlength{\headheight}{14.49998pt}.
(fancyhdr)                You might also make \topmargin smaller:
(fancyhdr)                \addtolength{\topmargin}{-2.49998pt}.

[18 <./images/framework-BERTopic-modifikasi.png>]

Package fancyhdr Warning: \headheight is too small (12.0pt): 
(fancyhdr)                Make it at least 14.49998pt, for example:
(fancyhdr)                \setlength{\headheight}{14.49998pt}.
(fancyhdr)                You might also make \topmargin smaller:
(fancyhdr)                \addtolength{\topmargin}{-2.49998pt}.

[19]
Overfull \hbox (4.367pt too wide) in paragraph at lines 139--147
[]\T1/ptm/m/n/12 Tahap eval-u-asi mod-el bertu-juan un-tuk men-gukur kual-i-tas top-ik yang di-hasilkan
 []


Package fancyhdr Warning: \headheight is too small (12.0pt): 
(fancyhdr)                Make it at least 14.49998pt, for example:
(fancyhdr)                \setlength{\headheight}{14.49998pt}.
(fancyhdr)                You might also make \topmargin smaller:
(fancyhdr)                \addtolength{\topmargin}{-2.49998pt}.

[20]
Overfull \hbox (11.50598pt too wide) in paragraph at lines 177--181
\T1/ptm/m/n/12 mem-per-hatikan pros-es in-ter-nal-nya. Pen-gu-jian di-lakukan den-gan meng-gu-nakan dataset
 []


Package fancyhdr Warning: \headheight is too small (12.0pt): 
(fancyhdr)                Make it at least 14.49998pt, for example:
(fancyhdr)                \setlength{\headheight}{14.49998pt}.
(fancyhdr)                You might also make \topmargin smaller:
(fancyhdr)                \addtolength{\topmargin}{-2.49998pt}.

[21]

LaTeX Warning: Reference `appx:surat-izin-penelitian' on page 22 undefined on input line 200.


LaTeX Warning: Reference `appx:bukti-izin-admin' on page 22 undefined on input line 201.

) (./chapters/04-results.tex

Package fancyhdr Warning: \headheight is too small (12.0pt): 
(fancyhdr)                Make it at least 14.49998pt, for example:
(fancyhdr)                \setlength{\headheight}{14.49998pt}.
(fancyhdr)                You might also make \topmargin smaller:
(fancyhdr)                \addtolength{\topmargin}{-2.49998pt}.

[22]
Bab 4.

LaTeX Warning: Reference `subsec' on page 23 undefined on input line 17.

LaTeX Font Info:    Trying to load font information for T1+pcr on input line 23.
(/usr/share/texmf-dist/tex/latex/psnfss/t1pcr.fd
File: t1pcr.fd 2001/06/04 font definitions for T1/pcr.
)
Package hyperref Info: bookmark level for unknown lstlisting defaults to 0 on input line 26.

Underfull \hbox (badness 1783) in paragraph at lines 26--26
[]\T1/ptm/m/n/12 Listing 4.1: |Con-toh po-ton-gan da-ta men-tah hasil ek-spor What-sApp (na-ma
 []

[23

] (./tables/04-results/example-data-csv.tex)
LaTeX Info: Symbol \textrightarrow not provided by
            font family ptm in TS1 encoding.
            Default family used instead on input line 47.
LaTeX Info: Symbol \textrightarrow not provided by
            font family ptm in TS1 encoding.
            Default family used instead on input line 47.


Package fancyhdr Warning: \headheight is too small (12.0pt): 
(fancyhdr)                Make it at least 14.49998pt, for example:
(fancyhdr)                \setlength{\headheight}{14.49998pt}.
(fancyhdr)                You might also make \topmargin smaller:
(fancyhdr)                \addtolength{\topmargin}{-2.49998pt}.

[24{/usr/share/texmf-dist/fonts/enc/dvips/cm-super/cm-super-ts1.enc}]
LaTeX Font Info:    Trying to load font information for TS1+ptm on input line 65.
 (/usr/share/texmf-dist/tex/latex/psnfss/ts1ptm.fd
File: ts1ptm.fd 2001/06/04 font definitions for TS1/ptm.
)
Overfull \hbox (7.50832pt too wide) in paragraph at lines 88--89
\T1/ptm/m/n/12 Analisis sin-te-sis hasil kuan-ti-tatif dan kual-i-tatif: apakah top-ik yang di-hasilkan bermak-
 []


Package fancyhdr Warning: \headheight is too small (12.0pt): 
(fancyhdr)                Make it at least 14.49998pt, for example:
(fancyhdr)                \setlength{\headheight}{14.49998pt}.
(fancyhdr)                You might also make \topmargin smaller:
(fancyhdr)                \addtolength{\topmargin}{-2.49998pt}.

[25]
Overfull \hbox (3.52634pt too wide) in paragraph at lines 96--97
\T1/ptm/m/n/12 muncul, dan bagaimana temuan ini men-jawab ru-mu-san masalah. Hubungkan temuan
 []


Overfull \hbox (19.26987pt too wide) in paragraph at lines 104--105
\T1/ptm/m/n/12 Jelaskan im-p-likasi un-tuk pengem-ban-gan sis-tem dan peng-gu-na akhir, ter-ma-suk rekomen-
 []

) (./chapters/05-conclusion.tex

Package fancyhdr Warning: \headheight is too small (12.0pt): 
(fancyhdr)                Make it at least 14.49998pt, for example:
(fancyhdr)                \setlength{\headheight}{14.49998pt}.
(fancyhdr)                You might also make \topmargin smaller:
(fancyhdr)                \addtolength{\topmargin}{-2.49998pt}.

[26]

Package fancyhdr Warning: \headheight is too small (12.0pt): 
(fancyhdr)                Make it at least 14.49998pt, for example:
(fancyhdr)                \setlength{\headheight}{14.49998pt}.
(fancyhdr)                You might also make \topmargin smaller:
(fancyhdr)                \addtolength{\topmargin}{-2.49998pt}.

[27]
Bab 5.

Overfull \hbox (10.94014pt too wide) in paragraph at lines 27--30
[]\T1/ptm/b/n/12 Kesimpulan 2 (jawab RMP ke-d-ua)\T1/ptm/m/n/12 : Temuan uta-ma adalah bah-wa ...(Jelaskan
 []


Overfull \hbox (0.74037pt too wide) in paragraph at lines 59--63
[]\T1/ptm/b/n/12 Eksplorasi Vari-abel Tam-ba-han\T1/ptm/m/n/12 : Peneli-tian se-lan-jut-nya da-p-at menam-bahkan
 []


Overfull \hbox (16.305pt too wide) in paragraph at lines 59--63
\T1/ptm/m/n/12 vari-abel ...untuk mem-berikan gam-baran yang lebih lengkap ten-tang ...(Jelaskan
 []

[28

]
Overfull \hbox (4.017pt too wide) in paragraph at lines 69--72
[]\T1/ptm/b/n/12 Metode Peneli-tian Al-ter-natif\T1/ptm/m/n/12 : Meng-gu-nakan metode ...(mixed-method, lon-
 []


Overfull \hbox (1.82077pt too wide) in paragraph at lines 69--72
\T1/ptm/m/n/12 gi-tu-di-nal, q ex-per-i-men-tal de-sign) un-tuk men-da-p-atkan in-sight yang lebih dalam
 []


Overfull \hbox (2.73167pt too wide) in paragraph at lines 73--76
[]\T1/ptm/b/n/12 Eksaminasi Mekanisme\T1/ptm/m/n/12 : Peneli-tian lebih lan-jut da-p-at mem-be-dah mekanisme
 []


Overfull \hbox (39.54826pt too wide) in paragraph at lines 84--86
[]\T1/ptm/b/n/12 Rekomendasi 1\T1/ptm/m/n/12 : ...(Jelaskan saran konkret un-tuk or-gan-si-asi/perusahaan/pemerintah) 
 []


Overfull \hbox (24.53821pt too wide) in paragraph at lines 94--96
[]\T1/ptm/m/n/12 Implementasi rekomendasi-rekomendasi ini di-hara-p-kan da-p-at ...(Jelaskan dampak
 []

) (./backmatter/01-references.tex (./main.bbl

Package fancyhdr Warning: \headheight is too small (12.0pt): 
(fancyhdr)                Make it at least 14.49998pt, for example:
(fancyhdr)                \setlength{\headheight}{14.49998pt}.
(fancyhdr)                You might also make \topmargin smaller:
(fancyhdr)                \addtolength{\topmargin}{-2.49998pt}.

[29] [30

]

Package fancyhdr Warning: \headheight is too small (12.0pt): 
(fancyhdr)                Make it at least 14.49998pt, for example:
(fancyhdr)                \setlength{\headheight}{14.49998pt}.
(fancyhdr)                You might also make \topmargin smaller:
(fancyhdr)                \addtolength{\topmargin}{-2.49998pt}.

[31])) (./backmatter/02-appendices.tex

Package fancyhdr Warning: \headheight is too small (12.0pt): 
(fancyhdr)                Make it at least 14.49998pt, for example:
(fancyhdr)                \setlength{\headheight}{14.49998pt}.
(fancyhdr)                You might also make \topmargin smaller:
(fancyhdr)                \addtolength{\topmargin}{-2.49998pt}.

[32]
<images/bab-3-alur-implementasi-sistem.png, id=820, 944.52875pt x 932.48375pt>
File: images/bab-3-alur-implementasi-sistem.png Graphic file (type png)
<use images/bab-3-alur-implementasi-sistem.png>
Package pdftex.def Info: images/bab-3-alur-implementasi-sistem.png  used on input line 21.
(pdftex.def)             Requested size: 358.50229pt x 353.93488pt.
 [33

 <./images/bab-3-alur-implementasi-sistem.png>]
<images/bab-4-alur-teknis-implementasi-sistem.png, id=826, 1243.64626pt x 1959.32pt>
File: images/bab-4-alur-teknis-implementasi-sistem.png Graphic file (type png)
<use images/bab-4-alur-teknis-implementasi-sistem.png>
Package pdftex.def Info: images/bab-4-alur-teknis-implementasi-sistem.png  used on input line 31.
(pdftex.def)             Requested size: 358.50229pt x 564.80992pt.
)

Package fancyhdr Warning: \headheight is too small (12.0pt): 
(fancyhdr)                Make it at least 14.49998pt, for example:
(fancyhdr)                \setlength{\headheight}{14.49998pt}.
(fancyhdr)                You might also make \topmargin smaller:
(fancyhdr)                \addtolength{\topmargin}{-2.49998pt}.

[34 <./images/bab-4-alur-teknis-implementasi-sistem.png>] (./main.aux)
 ***********
LaTeX2e <2025-11-01>
L3 programming layer <2026-01-19>
 ***********


LaTeX Warning: There were undefined references.


LaTeX Warning: There were multiply-defined labels.

Package rerunfilecheck Info: File `main.out' has not changed.
(rerunfilecheck)             Checksum: 765A3F5B678789F287657C9E4B98A365;10491.
 ) 
Here is how much of TeX's memory you used:
 18103 strings out of 469515
 286973 string characters out of 5470807
 850769 words of memory out of 5000000
 46174 multiletter control sequences out of 15000+600000
 662823 words of font info for 91 fonts, out of 8000000 for 9000
 14 hyphenation exceptions out of 8191
 80i,13n,136p,725b,1107s stack positions out of 10000i,1000n,20000p,200000b,200000s
</usr/share/texmf-dist/fonts/type1/public/amsfonts/cm/cmbx12.pfb></usr/share/texmf-dist/fonts/type1/public/amsfonts/cm/cmex10.pfb></usr/share/texmf-dist/fonts/type1/public/amsfonts/cm/cmmi12.pfb></usr/share/texmf-dist/fonts/type1/public/amsfonts/cm/cmmi6.pfb></usr/share/texmf-dist/fonts/type1/public/amsfonts/cm/cmmi8.pfb></usr/share/texmf-dist/fonts/type1/public/amsfonts/cm/cmr12.pfb></usr/share/texmf-dist/fonts/type1/public/amsfonts/cm/cmr8.pfb></usr/share/texmf-dist/fonts/type1/public/amsfonts/cm/cmsy10.pfb></usr/share/texmf-dist/fonts/type1/public/amsfonts/cm/cmsy8.pfb></usr/share/texmf-dist/fonts/type1/public/cm-super/sfrm1200.pfb></usr/share/texmf-dist/fonts/type1/urw/courier/ucrr8a.pfb></usr/share/texmf-dist/fonts/type1/urw/times/utmb8a.pfb></usr/share/texmf-dist/fonts/type1/urw/times/utmbi8a.pfb></usr/share/texmf-dist/fonts/type1/urw/times/utmr8a.pfb></usr/share/texmf-dist/fonts/type1/urw/times/utmri8a.pfb>
Output written on main.pdf (48 pages, 382553 bytes).
PDF statistics:
 950 PDF objects out of 1000 (max. 8388607)
 845 compressed objects within 9 object streams
 221 named destinations out of 1000 (max. 500000)
 575 words of extra memory for PDF output out of 10000 (max. 10000000)

