This is pdfTeX, Version 3.141592653-2.6-1.40.27 (TeX Live 2025/nixos.org) (preloaded format=pdflatex 1980.1.1)  5 MAY 2026 21:22
entering extended mode
 restricted \write18 enabled.
 file:line:error style messages enabled.
 %&-line parsing enabled.
**/home/usereal/Desktop/Latex/Skripsi_Moh.-Yusril-Maqoshidana/main_backup_original.tex
(/home/usereal/Desktop/Latex/Skripsi_Moh.-Yusril-Maqoshidana/main_backup_original.tex
LaTeX2e <2025-06-01> patch level 1
L3 programming layer <2025-06-09>
(/nix/store/hz0nlm4732dzb8i0bdpvxz68ghr1k9qr-texlive-2025-env-texmfdist/tex/latex/base/report.cls
Document Class: report 2025/01/22 v1.4n Standard LaTeX document class
(/nix/store/hz0nlm4732dzb8i0bdpvxz68ghr1k9qr-texlive-2025-env-texmfdist/tex/latex/base/size12.clo
File: size12.clo 2025/01/22 v1.4n Standard LaTeX file (size option)
)
\c@part=\count275
\c@chapter=\count276
\c@section=\count277
\c@subsection=\count278
\c@subsubsection=\count279
\c@paragraph=\count280
\c@subparagraph=\count281
\c@figure=\count282
\c@table=\count283
\abovecaptionskip=\skip49
\belowcaptionskip=\skip50
\bibindent=\dimen148
) (./metadata.tex) (./config/packages.tex (/nix/store/hz0nlm4732dzb8i0bdpvxz68ghr1k9qr-texlive-2025-env-texmfdist/tex/latex/base/inputenc.sty
Package: inputenc 2024/02/08 v1.3d Input encoding file
\inpenc@prehook=\toks17
\inpenc@posthook=\toks18
) (/nix/store/hz0nlm4732dzb8i0bdpvxz68ghr1k9qr-texlive-2025-env-texmfdist/tex/latex/base/fontenc.sty
Package: fontenc 2024/12/21 v2.1c Standard LaTeX package
) (/nix/store/hz0nlm4732dzb8i0bdpvxz68ghr1k9qr-texlive-2025-env-texmfdist/tex/generic/babel/babel.sty
Package: babel 2025/06/10 v25.10 The multilingual framework for pdfLaTeX, LuaLaTeX and XeLaTeX
\babel@savecnt=\count284
LaTeX Encoding Info:    Redeclaring text command \ij (encoding OT1) on input line 2043.
LaTeX Encoding Info:    Redeclaring text command \IJ (encoding OT1) on input line 2045.
LaTeX Encoding Info:    Redeclaring text command \ij (encoding T1) on input line 2047.
LaTeX Encoding Info:    Redeclaring text command \IJ (encoding T1) on input line 2048.
LaTeX Encoding Info:    Ignoring declaration for text command \ij (encoding ?) on input line 2049.
LaTeX Encoding Info:    Ignoring declaration for text command \IJ (encoding ?) on input line 2051.
LaTeX Encoding Info:    Ignoring declaration for text command \SS (encoding ?) on input line 2076.
\U@D=\dimen149
\l@unhyphenated=\language90
 (/nix/store/hz0nlm4732dzb8i0bdpvxz68ghr1k9qr-texlive-2025-env-texmfdist/tex/generic/babel/txtbabel.def)
\bbl@readstream=\read2
\bbl@dirlevel=\count285
 (/nix/store/hz0nlm4732dzb8i0bdpvxz68ghr1k9qr-texlive-2025-env-texmfdist/tex/generic/babel-indonesian/indonesian.ldf
Language: indonesian 2025/06/01 v1.0n Bahasa Indonesia support from the babel system
 (/nix/store/hz0nlm4732dzb8i0bdpvxz68ghr1k9qr-texlive-2025-env-texmfdist/tex/generic/babel/locale/id/babel-indonesian.tex
Package babel Info: Importing font and identification data for indonesian
(babel)             from babel-id.ini. Reported on input line 11.
))) (/nix/store/hz0nlm4732dzb8i0bdpvxz68ghr1k9qr-texlive-2025-env-texmfdist/tex/latex/psnfss/times.sty
Package: times 2020/03/25 PSNFSS-v9.3 (SPQR) 
) (/nix/store/hz0nlm4732dzb8i0bdpvxz68ghr1k9qr-texlive-2025-env-texmfdist/tex/latex/geometry/geometry.sty
Package: geometry 2020/01/02 v5.9 Page Geometry
 (/nix/store/hz0nlm4732dzb8i0bdpvxz68ghr1k9qr-texlive-2025-env-texmfdist/tex/latex/graphics/keyval.sty
Package: keyval 2022/05/29 v1.15 key=value parser (DPC)
\KV@toks@=\toks19
) (/nix/store/hz0nlm4732dzb8i0bdpvxz68ghr1k9qr-texlive-2025-env-texmfdist/tex/generic/iftex/ifvtex.sty
Package: ifvtex 2019/10/25 v1.7 ifvtex legacy package. Use iftex instead.
 (/nix/store/hz0nlm4732dzb8i0bdpvxz68ghr1k9qr-texlive-2025-env-texmfdist/tex/generic/iftex/iftex.sty
Package: iftex 2024/12/12 v1.0g TeX engine tests
))
\Gm@cnth=\count286
\Gm@cntv=\count287
\c@Gm@tempcnt=\count288
\Gm@bindingoffset=\dimen150
\Gm@wd@mp=\dimen151
\Gm@odd@mp=\dimen152
\Gm@even@mp=\dimen153
\Gm@layoutwidth=\dimen154
\Gm@layoutheight=\dimen155
\Gm@layouthoffset=\dimen156
\Gm@layoutvoffset=\dimen157
\Gm@dimlist=\toks20
) (/nix/store/hz0nlm4732dzb8i0bdpvxz68ghr1k9qr-texlive-2025-env-texmfdist/tex/latex/setspace/setspace.sty
Package: setspace 2022/12/04 v6.7b set line spacing
) (/nix/store/hz0nlm4732dzb8i0bdpvxz68ghr1k9qr-texlive-2025-env-texmfdist/tex/latex/titlesec/titlesec.sty
Package: titlesec 2025/01/04 v2.17 Sectioning titles
\ttl@box=\box53
\beforetitleunit=\skip51
\aftertitleunit=\skip52
\ttl@plus=\dimen158
\ttl@minus=\dimen159
\ttl@toksa=\toks21
\titlewidth=\dimen160
\titlewidthlast=\dimen161
\titlewidthfirst=\dimen162
) (/nix/store/hz0nlm4732dzb8i0bdpvxz68ghr1k9qr-texlive-2025-env-texmfdist/tex/latex/fancyhdr/fancyhdr.sty
Package: fancyhdr 2025/02/07 v5.2 Extensive control of page headers and footers
\f@nch@headwidth=\skip53
\f@nch@offset@elh=\skip54
\f@nch@offset@erh=\skip55
\f@nch@offset@olh=\skip56
\f@nch@offset@orh=\skip57
\f@nch@offset@elf=\skip58
\f@nch@offset@erf=\skip59
\f@nch@offset@olf=\skip60
\f@nch@offset@orf=\skip61
\f@nch@height=\skip62
\f@nch@footalignment=\skip63
\f@nch@widthL=\skip64
\f@nch@widthC=\skip65
\f@nch@widthR=\skip66
\@temptokenb=\toks22
) (/nix/store/hz0nlm4732dzb8i0bdpvxz68ghr1k9qr-texlive-2025-env-texmfdist/tex/latex/caption/caption.sty
Package: caption 2023/08/05 v3.6o Customizing captions (AR)
 (/nix/store/hz0nlm4732dzb8i0bdpvxz68ghr1k9qr-texlive-2025-env-texmfdist/tex/latex/caption/caption3.sty
Package: caption3 2023/07/31 v2.4d caption3 kernel (AR)
\caption@tempdima=\dimen163
\captionmargin=\dimen164
\caption@leftmargin=\dimen165
\caption@rightmargin=\dimen166
\caption@width=\dimen167
\caption@indent=\dimen168
\caption@parindent=\dimen169
\caption@hangindent=\dimen170
Package caption Info: Standard document class detected.
)
\c@caption@flags=\count289
\c@continuedfloat=\count290
) (/nix/store/hz0nlm4732dzb8i0bdpvxz68ghr1k9qr-texlive-2025-env-texmfdist/tex/latex/graphics/graphicx.sty
Package: graphicx 2024/12/31 v1.2e Enhanced LaTeX Graphics (DPC,SPQR)
 (/nix/store/hz0nlm4732dzb8i0bdpvxz68ghr1k9qr-texlive-2025-env-texmfdist/tex/latex/graphics/graphics.sty
Package: graphics 2024/08/06 v1.4g Standard LaTeX Graphics (DPC,SPQR)
 (/nix/store/hz0nlm4732dzb8i0bdpvxz68ghr1k9qr-texlive-2025-env-texmfdist/tex/latex/graphics/trig.sty
Package: trig 2023/12/02 v1.11 sin cos tan (DPC)
) (/nix/store/hz0nlm4732dzb8i0bdpvxz68ghr1k9qr-texlive-2025-env-texmfdist/tex/latex/graphics-cfg/graphics.cfg
File: graphics.cfg 2016/06/04 v1.11 sample graphics configuration
)
Package graphics Info: Driver file: pdftex.def on input line 106.
 (/nix/store/hz0nlm4732dzb8i0bdpvxz68ghr1k9qr-texlive-2025-env-texmfdist/tex/latex/graphics-def/pdftex.def
File: pdftex.def 2024/04/13 v1.2c Graphics/color driver for pdftex
))
\Gin@req@height=\dimen171
\Gin@req@width=\dimen172
) (/nix/store/hz0nlm4732dzb8i0bdpvxz68ghr1k9qr-texlive-2025-env-texmfdist/tex/latex/booktabs/booktabs.sty
Package: booktabs 2020/01/12 v1.61803398 Publication quality tables
\heavyrulewidth=\dimen173
\lightrulewidth=\dimen174
\cmidrulewidth=\dimen175
\belowrulesep=\dimen176
\belowbottomsep=\dimen177
\aboverulesep=\dimen178
\abovetopsep=\dimen179
\cmidrulesep=\dimen180
\cmidrulekern=\dimen181
\defaultaddspace=\dimen182
\@cmidla=\count291
\@cmidlb=\count292
\@aboverulesep=\dimen183
\@belowrulesep=\dimen184
\@thisruleclass=\count293
\@lastruleclass=\count294
\@thisrulewidth=\dimen185
) (/nix/store/hz0nlm4732dzb8i0bdpvxz68ghr1k9qr-texlive-2025-env-texmfdist/tex/latex/tools/tabularx.sty
Package: tabularx 2023/12/11 v2.12a `tabularx' package (DPC)
 (/nix/store/hz0nlm4732dzb8i0bdpvxz68ghr1k9qr-texlive-2025-env-texmfdist/tex/latex/tools/array.sty
Package: array 2025/06/08 v2.6j Tabular extension package (FMi)
\col@sep=\dimen186
\ar@mcellbox=\box54
\extrarowheight=\dimen187
\NC@list=\toks23
\extratabsurround=\skip67
\backup@length=\skip68
\ar@cellbox=\box55
)
\TX@col@width=\dimen188
\TX@old@table=\dimen189
\TX@old@col=\dimen190
\TX@target=\dimen191
\TX@delta=\dimen192
\TX@cols=\count295
\TX@ftn=\toks24
) (/nix/store/hz0nlm4732dzb8i0bdpvxz68ghr1k9qr-texlive-2025-env-texmfdist/tex/latex/enumitem/enumitem.sty
Package: enumitem 2025/02/06 v3.11 Customized lists
\labelindent=\skip69
\enit@outerparindent=\dimen193
\enit@toks=\toks25
\enit@inbox=\box56
\enit@count@id=\count296
\enitdp@description=\count297
) (/nix/store/hz0nlm4732dzb8i0bdpvxz68ghr1k9qr-texlive-2025-env-texmfdist/tex/latex/amsmath/amsmath.sty
Package: amsmath 2025/06/16 v2.17y AMS math features
\@mathmargin=\skip70

For additional information on amsmath, use the `?' option.
(/nix/store/hz0nlm4732dzb8i0bdpvxz68ghr1k9qr-texlive-2025-env-texmfdist/tex/latex/amsmath/amstext.sty
Package: amstext 2024/11/17 v2.01 AMS text
 (/nix/store/hz0nlm4732dzb8i0bdpvxz68ghr1k9qr-texlive-2025-env-texmfdist/tex/latex/amsmath/amsgen.sty
File: amsgen.sty 1999/11/30 v2.0 generic functions
\@emptytoks=\toks26
\ex@=\dimen194
)) (/nix/store/hz0nlm4732dzb8i0bdpvxz68ghr1k9qr-texlive-2025-env-texmfdist/tex/latex/amsmath/amsbsy.sty
Package: amsbsy 1999/11/29 v1.2d Bold Symbols
\pmbraise@=\dimen195
) (/nix/store/hz0nlm4732dzb8i0bdpvxz68ghr1k9qr-texlive-2025-env-texmfdist/tex/latex/amsmath/amsopn.sty
Package: amsopn 2022/04/08 v2.04 operator names
)
\inf@bad=\count298
LaTeX Info: Redefining \frac on input line 233.
\uproot@=\count299
\leftroot@=\count300
LaTeX Info: Redefining \overline on input line 398.
LaTeX Info: Redefining \colon on input line 409.
\classnum@=\count301
\DOTSCASE@=\count302
LaTeX Info: Redefining \ldots on input line 495.
LaTeX Info: Redefining \dots on input line 498.
LaTeX Info: Redefining \cdots on input line 619.
\Mathstrutbox@=\box57
\strutbox@=\box58
LaTeX Info: Redefining \big on input line 721.
LaTeX Info: Redefining \Big on input line 722.
LaTeX Info: Redefining \bigg on input line 723.
LaTeX Info: Redefining \Bigg on input line 724.
\big@size=\dimen196
LaTeX Font Info:    Redeclaring font encoding OML on input line 742.
LaTeX Font Info:    Redeclaring font encoding OMS on input line 743.
\macc@depth=\count303
LaTeX Info: Redefining \bmod on input line 904.
LaTeX Info: Redefining \pmod on input line 909.
LaTeX Info: Redefining \smash on input line 939.
LaTeX Info: Redefining \relbar on input line 969.
LaTeX Info: Redefining \Relbar on input line 970.
\c@MaxMatrixCols=\count304
\dotsspace@=\muskip17
\c@parentequation=\count305
\dspbrk@lvl=\count306
\tag@help=\toks27
\row@=\count307
\column@=\count308
\maxfields@=\count309
\andhelp@=\toks28
\eqnshift@=\dimen197
\alignsep@=\dimen198
\tagshift@=\dimen199
\tagwidth@=\dimen256
\totwidth@=\dimen257
\lineht@=\dimen258
\@envbody=\toks29
\multlinegap=\skip71
\multlinetaggap=\skip72
\mathdisplay@stack=\toks30
LaTeX Info: Redefining \[ on input line 2949.
LaTeX Info: Redefining \] on input line 2950.
) (/nix/store/hz0nlm4732dzb8i0bdpvxz68ghr1k9qr-texlive-2025-env-texmfdist/tex/latex/amsfonts/amssymb.sty
Package: amssymb 2013/01/14 v3.01 AMS font symbols
 (/nix/store/hz0nlm4732dzb8i0bdpvxz68ghr1k9qr-texlive-2025-env-texmfdist/tex/latex/amsfonts/amsfonts.sty
Package: amsfonts 2013/01/14 v3.01 Basic AMSFonts support
\symAMSa=\mathgroup4
\symAMSb=\mathgroup5
LaTeX Font Info:    Redeclaring math symbol \hbar on input line 98.
LaTeX Font Info:    Overwriting math alphabet `\mathfrak' in version `bold'
(Font)                  U/euf/m/n --> U/euf/b/n on input line 106.
)) (/nix/store/hz0nlm4732dzb8i0bdpvxz68ghr1k9qr-texlive-2025-env-texmfdist/tex/latex/natbib/natbib.sty
Package: natbib 2010/09/13 8.31b (PWD, AO)
\bibhang=\skip73
\bibsep=\skip74
LaTeX Info: Redefining \cite on input line 694.
\c@NAT@ctr=\count310
) (/nix/store/hz0nlm4732dzb8i0bdpvxz68ghr1k9qr-texlive-2025-env-texmfdist/tex/latex/lipsum/lipsum.sty (/nix/store/hz0nlm4732dzb8i0bdpvxz68ghr1k9qr-texlive-2025-env-texmfdist/tex/latex/l3packages/l3keys2e/l3keys2e.sty (/nix/store/hz0nlm4732dzb8i0bdpvxz68ghr1k9qr-texlive-2025-env-texmfdist/tex/latex/l3kernel/expl3.sty
Package: expl3 2025-06-09 L3 programming layer (loader) 
 (/nix/store/hz0nlm4732dzb8i0bdpvxz68ghr1k9qr-texlive-2025-env-texmfdist/tex/latex/l3backend/l3backend-pdftex.def
File: l3backend-pdftex.def 2025-06-09 L3 backend support: PDF output (pdfTeX)
\l__color_backend_stack_int=\count311
))
Package: l3keys2e 2024-08-16 LaTeX2e option processing using LaTeX3 keys
)
Package: lipsum 2021-09-20 v2.7 150 paragraphs of Lorem Ipsum dummy text
\g__lipsum_par_int=\count312
\l__lipsum_a_int=\count313
\l__lipsum_b_int=\count314
 (/nix/store/hz0nlm4732dzb8i0bdpvxz68ghr1k9qr-texlive-2025-env-texmfdist/tex/latex/lipsum/lipsum.ltd.tex)) (/nix/store/hz0nlm4732dzb8i0bdpvxz68ghr1k9qr-texlive-2025-env-texmfdist/tex/latex/hyperref/hyperref.sty
Package: hyperref 2025-06-21 v7.01n Hypertext links for LaTeX
 (/nix/store/hz0nlm4732dzb8i0bdpvxz68ghr1k9qr-texlive-2025-env-texmfdist/tex/latex/kvsetkeys/kvsetkeys.sty
Package: kvsetkeys 2022-10-05 v1.19 Key value parser (HO)
) (/nix/store/hz0nlm4732dzb8i0bdpvxz68ghr1k9qr-texlive-2025-env-texmfdist/tex/generic/kvdefinekeys/kvdefinekeys.sty
Package: kvdefinekeys 2019-12-19 v1.6 Define keys (HO)
) (/nix/store/hz0nlm4732dzb8i0bdpvxz68ghr1k9qr-texlive-2025-env-texmfdist/tex/generic/pdfescape/pdfescape.sty
Package: pdfescape 2019/12/09 v1.15 Implements pdfTeX's escape features (HO)
 (/nix/store/hz0nlm4732dzb8i0bdpvxz68ghr1k9qr-texlive-2025-env-texmfdist/tex/generic/ltxcmds/ltxcmds.sty
Package: ltxcmds 2023-12-04 v1.26 LaTeX kernel commands for general use (HO)
) (/nix/store/hz0nlm4732dzb8i0bdpvxz68ghr1k9qr-texlive-2025-env-texmfdist/tex/generic/pdftexcmds/pdftexcmds.sty
Package: pdftexcmds 2020-06-27 v0.33 Utility functions of pdfTeX for LuaTeX (HO)
 (/nix/store/hz0nlm4732dzb8i0bdpvxz68ghr1k9qr-texlive-2025-env-texmfdist/tex/generic/infwarerr/infwarerr.sty
Package: infwarerr 2019/12/03 v1.5 Providing info/warning/error messages (HO)
)
Package pdftexcmds Info: \pdf@primitive is available.
Package pdftexcmds Info: \pdf@ifprimitive is available.
Package pdftexcmds Info: \pdfdraftmode found.
)) (/nix/store/hz0nlm4732dzb8i0bdpvxz68ghr1k9qr-texlive-2025-env-texmfdist/tex/latex/hycolor/hycolor.sty
Package: hycolor 2020-01-27 v1.10 Color options for hyperref/bookmark (HO)
) (/nix/store/hz0nlm4732dzb8i0bdpvxz68ghr1k9qr-texlive-2025-env-texmfdist/tex/latex/hyperref/nameref.sty
Package: nameref 2025-06-21 v2.57 Cross-referencing by name of section
 (/nix/store/hz0nlm4732dzb8i0bdpvxz68ghr1k9qr-texlive-2025-env-texmfdist/tex/latex/refcount/refcount.sty
Package: refcount 2019/12/15 v3.6 Data extraction from label references (HO)
) (/nix/store/hz0nlm4732dzb8i0bdpvxz68ghr1k9qr-texlive-2025-env-texmfdist/tex/generic/gettitlestring/gettitlestring.sty
Package: gettitlestring 2019/12/15 v1.6 Cleanup title references (HO)
 (/nix/store/hz0nlm4732dzb8i0bdpvxz68ghr1k9qr-texlive-2025-env-texmfdist/tex/latex/kvoptions/kvoptions.sty
Package: kvoptions 2022-06-15 v3.15 Key value format for package options (HO)
))
\c@section@level=\count315
) (/nix/store/hz0nlm4732dzb8i0bdpvxz68ghr1k9qr-texlive-2025-env-texmfdist/tex/latex/etoolbox/etoolbox.sty
Package: etoolbox 2025/02/11 v2.5l e-TeX tools for LaTeX (JAW)
\etb@tempcnta=\count316
) (/nix/store/hz0nlm4732dzb8i0bdpvxz68ghr1k9qr-texlive-2025-env-texmfdist/tex/generic/stringenc/stringenc.sty
Package: stringenc 2019/11/29 v1.12 Convert strings between diff. encodings (HO)
)
\@linkdim=\dimen259
\Hy@linkcounter=\count317
\Hy@pagecounter=\count318
 (/nix/store/hz0nlm4732dzb8i0bdpvxz68ghr1k9qr-texlive-2025-env-texmfdist/tex/latex/hyperref/pd1enc.def
File: pd1enc.def 2025-06-21 v7.01n Hyperref: PDFDocEncoding definition (HO)
Now handling font encoding PD1 ...
... no UTF-8 mapping file for font encoding PD1
) (/nix/store/hz0nlm4732dzb8i0bdpvxz68ghr1k9qr-texlive-2025-env-texmfdist/tex/generic/intcalc/intcalc.sty
Package: intcalc 2019/12/15 v1.3 Expandable calculations with integers (HO)
)
\Hy@SavedSpaceFactor=\count319
 (/nix/store/hz0nlm4732dzb8i0bdpvxz68ghr1k9qr-texlive-2025-env-texmfdist/tex/latex/hyperref/puenc.def
File: puenc.def 2025-06-21 v7.01n Hyperref: PDF Unicode definition (HO)
Now handling font encoding PU ...
... no UTF-8 mapping file for font encoding PU
)
Package hyperref Info: Hyper figures OFF on input line 4181.
Package hyperref Info: Link nesting OFF on input line 4186.
Package hyperref Info: Hyper index ON on input line 4189.
Package hyperref Info: Plain pages OFF on input line 4196.
Package hyperref Info: Backreferencing OFF on input line 4201.
Package hyperref Info: Implicit mode ON; LaTeX internals redefined.
Package hyperref Info: Bookmarks ON on input line 4448.
\c@Hy@tempcnt=\count320
 (/nix/store/hz0nlm4732dzb8i0bdpvxz68ghr1k9qr-texlive-2025-env-texmfdist/tex/latex/url/url.sty
\Urlmuskip=\muskip18
Package: url 2013/09/16  ver 3.4  Verb mode for urls, etc.
)
LaTeX Info: Redefining \url on input line 4787.
\XeTeXLinkMargin=\dimen260
 (/nix/store/hz0nlm4732dzb8i0bdpvxz68ghr1k9qr-texlive-2025-env-texmfdist/tex/generic/bitset/bitset.sty
Package: bitset 2019/12/09 v1.3 Handle bit-vector datatype (HO)
 (/nix/store/hz0nlm4732dzb8i0bdpvxz68ghr1k9qr-texlive-2025-env-texmfdist/tex/generic/bigintcalc/bigintcalc.sty
Package: bigintcalc 2019/12/15 v1.5 Expandable calculations on big integers (HO)
))
\Fld@menulength=\count321
\Field@Width=\dimen261
\Fld@charsize=\dimen262
Package hyperref Info: Hyper figures OFF on input line 6066.
Package hyperref Info: Link nesting OFF on input line 6071.
Package hyperref Info: Hyper index ON on input line 6074.
Package hyperref Info: backreferencing OFF on input line 6081.
Package hyperref Info: Link coloring OFF on input line 6086.
Package hyperref Info: Link coloring with OCG OFF on input line 6091.
Package hyperref Info: PDF/A mode OFF on input line 6096.
\Hy@abspage=\count322
\c@Item=\count323
\c@Hfootnote=\count324
)
Package hyperref Info: Driver (autodetected): hpdftex.
 (/nix/store/hz0nlm4732dzb8i0bdpvxz68ghr1k9qr-texlive-2025-env-texmfdist/tex/latex/hyperref/hpdftex.def
File: hpdftex.def 2025-06-21 v7.01n Hyperref driver for pdfTeX
\Fld@listcount=\count325
\c@bookmark@seq@number=\count326
 (/nix/store/hz0nlm4732dzb8i0bdpvxz68ghr1k9qr-texlive-2025-env-texmfdist/tex/latex/rerunfilecheck/rerunfilecheck.sty
Package: rerunfilecheck 2025-06-21 v1.11 Rerun checks for auxiliary files (HO)
 (/nix/store/hz0nlm4732dzb8i0bdpvxz68ghr1k9qr-texlive-2025-env-texmfdist/tex/generic/uniquecounter/uniquecounter.sty
Package: uniquecounter 2019/12/15 v1.4 Provide unlimited unique counter (HO)
)
Package uniquecounter Info: New unique counter `rerunfilecheck' on input line 284.
)
\Hy@SectionHShift=\skip75
) (/nix/store/hz0nlm4732dzb8i0bdpvxz68ghr1k9qr-texlive-2025-env-texmfdist/tex/latex/tocloft/tocloft.sty
Package: tocloft 2017/08/31 v2.3i parameterised ToC, etc., typesetting
Package tocloft Info: The document has chapter divisions on input line 51.
\cftparskip=\skip76
\cftbeforetoctitleskip=\skip77
\cftaftertoctitleskip=\skip78
\cftbeforepartskip=\skip79
\cftpartnumwidth=\skip80
\cftpartindent=\skip81
\cftbeforechapskip=\skip82
\cftchapindent=\skip83
\cftchapnumwidth=\skip84
\cftbeforesecskip=\skip85
\cftsecindent=\skip86
\cftsecnumwidth=\skip87
\cftbeforesubsecskip=\skip88
\cftsubsecindent=\skip89
\cftsubsecnumwidth=\skip90
\cftbeforesubsubsecskip=\skip91
\cftsubsubsecindent=\skip92
\cftsubsubsecnumwidth=\skip93
\cftbeforeparaskip=\skip94
\cftparaindent=\skip95
\cftparanumwidth=\skip96
\cftbeforesubparaskip=\skip97
\cftsubparaindent=\skip98
\cftsubparanumwidth=\skip99
\cftbeforeloftitleskip=\skip100
\cftafterloftitleskip=\skip101
\cftbeforefigskip=\skip102
\cftfigindent=\skip103
\cftfignumwidth=\skip104
\c@lofdepth=\count327
\c@lotdepth=\count328
\cftbeforelottitleskip=\skip105
\cftafterlottitleskip=\skip106
\cftbeforetabskip=\skip107
\cfttabindent=\skip108
\cfttabnumwidth=\skip109
)) (./config/hyperref-config.tex
Package hyperref Info: Option `colorlinks' set `true' on input line 13.
) (./config/formatting.tex) (./config/page-style.tex) (./config/custom-commands.tex)
LaTeX Font Info:    Trying to load font information for T1+ptm on input line 58.
 (/nix/store/hz0nlm4732dzb8i0bdpvxz68ghr1k9qr-texlive-2025-env-texmfdist/tex/latex/psnfss/t1ptm.fd
File: t1ptm.fd 2001/06/04 font definitions for T1/ptm.
) (./main_backup_original.aux)
\openout1 = `main_backup_original.aux'.

LaTeX Font Info:    Checking defaults for OML/cmm/m/it on input line 58.
LaTeX Font Info:    ... okay on input line 58.
LaTeX Font Info:    Checking defaults for OMS/cmsy/m/n on input line 58.
LaTeX Font Info:    ... okay on input line 58.
LaTeX Font Info:    Checking defaults for OT1/cmr/m/n on input line 58.
LaTeX Font Info:    ... okay on input line 58.
LaTeX Font Info:    Checking defaults for T1/cmr/m/n on input line 58.
LaTeX Font Info:    ... okay on input line 58.
LaTeX Font Info:    Checking defaults for TS1/cmr/m/n on input line 58.
LaTeX Font Info:    ... okay on input line 58.
LaTeX Font Info:    Checking defaults for OMX/cmex/m/n on input line 58.
LaTeX Font Info:    ... okay on input line 58.
LaTeX Font Info:    Checking defaults for U/cmr/m/n on input line 58.
LaTeX Font Info:    ... okay on input line 58.
LaTeX Font Info:    Checking defaults for PD1/pdf/m/n on input line 58.
LaTeX Font Info:    ... okay on input line 58.
LaTeX Font Info:    Checking defaults for PU/pdf/m/n on input line 58.
LaTeX Font Info:    ... okay on input line 58.

*geometry* driver: auto-detecting
*geometry* detected driver: pdftex
*geometry* verbose mode - [ preamble ] result:
* driver: pdftex
* paper: a4paper
* layout: <same size as paper>
* layoutoffset:(h,v)=(0.0pt,0.0pt)
* modes: 
* h-part:(L,W,R)=(113.81102pt, 398.3386pt, 85.35826pt)
* v-part:(T,H,B)=(113.81102pt, 645.87756pt, 85.35826pt)
* \paperwidth=597.50787pt
* \paperheight=845.04684pt
* \textwidth=398.3386pt
* \textheight=645.87756pt
* \oddsidemargin=41.54103pt
* \evensidemargin=41.54103pt
* \topmargin=4.54103pt
* \headheight=12.0pt
* \headsep=25.0pt
* \topskip=12.0pt
* \footskip=30.0pt
* \marginparwidth=35.0pt
* \marginparsep=10.0pt
* \columnsep=10.0pt
* \skip\footins=10.8pt plus 4.0pt minus 2.0pt
* \hoffset=0.0pt
* \voffset=0.0pt
* \mag=1000
* \@twocolumnfalse
* \@twosidefalse
* \@mparswitchfalse
* \@reversemarginfalse
* (1in=72.27pt=25.4mm, 1cm=28.453pt)

Package caption Info: Begin \AtBeginDocument code.
Package caption Info: hyperref package is loaded.
Package caption Info: End \AtBeginDocument code.
(/nix/store/hz0nlm4732dzb8i0bdpvxz68ghr1k9qr-texlive-2025-env-texmfdist/tex/context/base/mkii/supp-pdf.mkii
[Loading MPS to PDF converter (version 2006.09.02).]
\scratchcounter=\count329
\scratchdimen=\dimen263
\scratchbox=\box59
\nofMPsegments=\count330
\nofMParguments=\count331
\everyMPshowfont=\toks31
\MPscratchCnt=\count332
\MPscratchDim=\dimen264
\MPnumerator=\count333
\makeMPintoPDFobject=\count334
\everyMPtoPDFconversion=\toks32
) (/nix/store/hz0nlm4732dzb8i0bdpvxz68ghr1k9qr-texlive-2025-env-texmfdist/tex/latex/epstopdf-pkg/epstopdf-base.sty
Package: epstopdf-base 2020-01-24 v2.11 Base part for package epstopdf
Package epstopdf-base Info: Redefining graphics rule for `.eps' on input line 485.
 (/nix/store/hz0nlm4732dzb8i0bdpvxz68ghr1k9qr-texlive-2025-env-texmfdist/tex/latex/latexconfig/epstopdf-sys.cfg
File: epstopdf-sys.cfg 2010/07/13 v1.3 Configuration of (r)epstopdf for TeX Live
)) (/nix/store/hz0nlm4732dzb8i0bdpvxz68ghr1k9qr-texlive-2025-env-texmfdist/tex/latex/graphics/color.sty
Package: color 2025/01/14 v1.3e Standard LaTeX Color (DPC)
 (/nix/store/hz0nlm4732dzb8i0bdpvxz68ghr1k9qr-texlive-2025-env-texmfdist/tex/latex/graphics-cfg/color.cfg
File: color.cfg 2016/01/02 v1.6 sample color configuration
)
Package color Info: Driver file: pdftex.def on input line 149.
 (/nix/store/hz0nlm4732dzb8i0bdpvxz68ghr1k9qr-texlive-2025-env-texmfdist/tex/latex/graphics/mathcolor.ltx))
Package hyperref Info: Link coloring ON on input line 58.
 (./main_backup_original.out) (./main_backup_original.out)
\@outlinefile=\write3
\openout3 = `main_backup_original.out'.

 (./frontmatter/00-cover.tex
<images/logo.png, id=236, 157.58875pt x 148.555pt>
File: images/logo.png Graphic file (type png)
<use images/logo.png>
Package pdftex.def Info: images/logo.png  used on input line 14.
(pdftex.def)             Requested size: 113.81102pt x 107.2882pt.


[1

{/nix/store/wi5lmb3ba4q7vpbdvjmfrvc7llk8gsf4-texlive-2025-env/share/texmf-var/fonts/map/pdftex/updmap/pdftex.map}{/nix/store/hz0nlm4732dzb8i0bdpvxz68ghr1k9qr-texlive-2025-env-texmfdist/fonts/enc/dvips/base/8r.enc} <./images/logo.png>]) (./frontmatter/01-dedication.tex

[1

]) (./frontmatter/02-motto.tex

[2

]) (./frontmatter/03-originality.tex

[3

]) (./frontmatter/04-approval.tex
LaTeX Font Info:    Trying to load font information for TS1+ptm on input line 19.
 (/nix/store/hz0nlm4732dzb8i0bdpvxz68ghr1k9qr-texlive-2025-env-texmfdist/tex/latex/psnfss/ts1ptm.fd
File: ts1ptm.fd 2001/06/04 font definitions for TS1/ptm.
)

[4

]

[5

]

[6]) (./frontmatter/05-abstract-id.tex

[7

]) (./frontmatter/06-abstract-en.tex

[8

]) (./frontmatter/07-summary.tex

[9

]) (./frontmatter/08-preface.tex
Overfull \hbox (2.32266pt too wide) in paragraph at lines 16--17
\T1/ptm/m/it/12 BA-SIS WEB MENG-GU-NAK-AN BER-TO-PIC DE-NGAN IN-DO-BER-TWE-ET DAN BIR-
 []


Overfull \hbox (12.02147pt too wide) in paragraph at lines 29--30
\T1/ptm/m/n/12 mu pe-nge-ta-hu-an dan da-pat di-ja-dik-an se-ba-gai bah-an re-fe-ren-si ba-gi penelitian-penelitian
 []



[10

]

[11]) (./frontmatter/09-toc.tex (./main_backup_original.toc
LaTeX Font Info:    Trying to load font information for U+msa on input line 2.
 (/nix/store/hz0nlm4732dzb8i0bdpvxz68ghr1k9qr-texlive-2025-env-texmfdist/tex/latex/amsfonts/umsa.fd
File: umsa.fd 2013/01/14 v3.01 AMS symbols A
)
LaTeX Font Info:    Trying to load font information for U+msb on input line 2.
 (/nix/store/hz0nlm4732dzb8i0bdpvxz68ghr1k9qr-texlive-2025-env-texmfdist/tex/latex/amsfonts/umsb.fd
File: umsb.fd 2013/01/14 v3.01 AMS symbols B
)

[12])
\tf@toc=\write4
\openout4 = `main_backup_original.toc'.



[13] (./main_backup_original.lot)
\tf@lot=\write5
\openout5 = `main_backup_original.lot'.



[14] (./main_backup_original.lof)
\tf@lof=\write6
\openout6 = `main_backup_original.lof'.



[15]) (./chapters/01-introduction.tex
Bab 1.



pdfTeX warning (ext4): destination with the same identifier (name{page.1}) has been already used, duplicate ignored
<to be read again> 
                   \relax 
l.79     \item T
                ujuan khusus ketiga (opsional) [1

]) (./chapters/02-literature.tex

[2]
Bab 2.


[3

]
Overfull \hbox (20.93436pt too wide) in paragraph at lines 74--76
[]\T1/ptm/m/n/12 Model atau fra-me-work da-ri te-o-ri ini da-pat di-gam-bark-an se-ba-gai ber-i-kut: ...(Jelaskan
 []

) (./chapters/03-methodology.tex

[4]
Bab 3.

Overfull \hbox (2.97116pt too wide) in paragraph at lines 57--65
[]\T1/ptm/b/n/12 Ukuran Sam-pel\T1/ptm/m/n/12 : Ukur-an sam-pel di-ten-tuk-an meng-gu-nak-an ru-mus ...atau meng-
 []



[5

]

[6]
Overfull \hbox (2.51695pt too wide) in paragraph at lines 148--150
\T1/ptm/m/n/12 Untuk meng-u-ji hi-po-te-sis pe-ne-li-ti-an, di-gu-nak-an uji sta-tis-tik ...(Jelaskan: uji T, ANO-
 []



[7]) (./chapters/04-results.tex

[8]
Bab 4.

LaTeX Warning: Reference `tab:respondent-char' on page 9 undefined on input line 22.


LaTeX Warning: Reference `tab:respondent-char' on page 9 undefined on input line 45.


LaTeX Warning: Reference `tab:descriptive' on page 9 undefined on input line 60.


LaTeX Warning: Reference `fig:descriptive' on page 9 undefined on input line 60.


Overfull \hbox (3.54402pt too wide) in paragraph at lines 73--75
[]\T1/ptm/b/n/12 Uji Ho-mo-ge-ni-tas\T1/ptm/m/n/12 : Ha-sil uji ho-mo-ge-ni-tas va-ri-ans me-nun-jukk-an bah-wa $\OML/cmm/m/it/12 p[] \OT1/cmr/m/n/12 =
 []


LaTeX Warning: Reference `tab:hypothesis-test' on page 9 undefined on input line 76.



[9

]

Package natbib Warning: Citation `Author2020' on page 10 undefined on input line 110.


Overfull \hbox (0.5382pt too wide) in paragraph at lines 110--112
\T1/ptm/m/n/12 wa ...Namun, pe-ne-li-ti-an ini ju-ga me-ne-muk-an per-be-da-an sig-ni-fik-an da-lam ...karena
 []


Package natbib Warning: Citation `Theorist2021' on page 10 undefined on input line 113.



[10]) (./chapters/05-conclusion.tex

[11]
Bab 5.

Overfull \hbox (10.94014pt too wide) in paragraph at lines 27--30
[]\T1/ptm/b/n/12 Kesimpulan 2 (ja-wab RMP ke-dua)\T1/ptm/m/n/12 : Te-mu-an uta-ma ada-lah bah-wa ...(Jelaskan
 []


Overfull \hbox (29.91295pt too wide) in paragraph at lines 59--63
\T1/ptm/m/n/12 an va-ri-a-bel ...untuk mem-be-rik-an gam-bar-an yang le-bih leng-kap ten-tang ...(Jelaskan
 []



[12

]
Overfull \hbox (39.54826pt too wide) in paragraph at lines 84--86
[]\T1/ptm/b/n/12 Rekomendasi 1\T1/ptm/m/n/12 : ...(Jelaskan sar-an konk-ret un-tuk or-gan-si-a-si/perusahaan/pemerintah) 
 []


Overfull \hbox (0.37831pt too wide) in paragraph at lines 94--96
[]\T1/ptm/m/n/12 Implementasi rekomendasi-rekomendasi ini di-ha-rapk-an da-pat ...(Jelaskan dam-
 []

) (./backmatter/01-references.tex

[13] (./main_backup_original.bbl

[14

]

Package natbib Warning: Empty `thebibliography' environment on input line 3.

)) (./backmatter/02-appendices.tex

[15

]
Lampiran A.

LaTeX Warning: Reference `tab:appx-rawdata' on page 16 undefined on input line 26.

LaTeX Font Info:    Trying to load font information for T1+pcr on input line 28.
(/nix/store/hz0nlm4732dzb8i0bdpvxz68ghr1k9qr-texlive-2025-env-texmfdist/tex/latex/psnfss/t1pcr.fd
File: t1pcr.fd 2001/06/04 font definitions for T1/pcr.
)

[16

]

[17]
Overfull \hbox (50.21725pt too wide) in paragraph at lines 103--105
\T1/ptm/m/n/12 Output sta-tis-tik leng-kap da-ri sof-twa-re ana-li-sis ter-simp-an da-lam fo-lder \T1/pcr/m/n/12 analysis_output/\T1/ptm/m/n/12 .
 []



[18]
Overfull \hbox (161.84296pt too wide) in paragraph at lines 139--141
\T1/ptm/m/n/12 Kode sum-ber leng-kap ter-se-dia di re-po-si-tory Gi-tHub: \T1/pcr/m/n/12 https://github.com/username/repository-name 
 []



[19])

Package natbib Warning: There were undefined citations.



[20] (./main_backup_original.aux)
 ***********
LaTeX2e <2025-06-01> patch level 1
L3 programming layer <2025-06-09>
 ***********


LaTeX Warning: There were undefined references.

Package rerunfilecheck Info: File `main_backup_original.out' has not changed.
(rerunfilecheck)             Checksum: 567D76F16DEB558A4AE37A4017597D17;8611.
 ) 
Here is how much of TeX's memory you used:
 15568 strings out of 467890
 257759 string characters out of 5410143
 755181 words of memory out of 5000000
 43683 multiletter control sequences out of 15000+600000
 647633 words of font info for 72 fonts, out of 8000000 for 9000
 1141 hyphenation exceptions out of 8191
 80i,12n,111p,419b,617s stack positions out of 10000i,1000n,20000p,200000b,200000s
</nix/store/hz0nlm4732dzb8i0bdpvxz68ghr1k9qr-texlive-2025-env-texmfdist/fonts/type1/public/amsfonts/cm/cmmi12.pfb></nix/store/hz0nlm4732dzb8i0bdpvxz68ghr1k9qr-texlive-2025-env-texmfdist/fonts/type1/public/amsfonts/cm/cmr12.pfb></nix/store/hz0nlm4732dzb8i0bdpvxz68ghr1k9qr-texlive-2025-env-texmfdist/fonts/type1/public/amsfonts/symbols/msam10.pfb></nix/store/hz0nlm4732dzb8i0bdpvxz68ghr1k9qr-texlive-2025-env-texmfdist/fonts/type1/urw/courier/ucrr8a.pfb></nix/store/hz0nlm4732dzb8i0bdpvxz68ghr1k9qr-texlive-2025-env-texmfdist/fonts/type1/urw/times/utmb8a.pfb></nix/store/hz0nlm4732dzb8i0bdpvxz68ghr1k9qr-texlive-2025-env-texmfdist/fonts/type1/urw/times/utmr8a.pfb></nix/store/hz0nlm4732dzb8i0bdpvxz68ghr1k9qr-texlive-2025-env-texmfdist/fonts/type1/urw/times/utmri8a.pfb>
Output written on main_backup_original.pdf (36 pages, 136481 bytes).
PDF statistics:
 568 PDF objects out of 1000 (max. 8388607)
 508 compressed objects within 6 object streams
 142 named destinations out of 1000 (max. 500000)
 470 words of extra memory for PDF output out of 10000 (max. 10000000)

